Archive member included to satisfy reference by file (symbol)

app/libapp.a(main.c.obj)      (--whole-archive)
zephyr/libzephyr.a(heap.c.obj)
                              (--whole-archive)
zephyr/libzephyr.a(heap_info.c.obj)
                              (--whole-archive)
zephyr/libzephyr.a(cbprintf_packaged.c.obj)
                              (--whole-archive)
zephyr/libzephyr.a(printk.c.obj)
                              (--whole-archive)
zephyr/libzephyr.a(sem.c.obj)
                              (--whole-archive)
zephyr/libzephyr.a(thread_entry.c.obj)
                              (--whole-archive)
zephyr/libzephyr.a(cbprintf_complete.c.obj)
                              (--whole-archive)
zephyr/libzephyr.a(assert.c.obj)
                              (--whole-archive)
zephyr/libzephyr.a(mpsc_pbuf.c.obj)
                              (--whole-archive)
zephyr/libzephyr.a(dec.c.obj)
                              (--whole-archive)
zephyr/libzephyr.a(hex.c.obj)
                              (--whole-archive)
zephyr/libzephyr.a(rb.c.obj)  (--whole-archive)
zephyr/libzephyr.a(timeutil.c.obj)
                              (--whole-archive)
zephyr/libzephyr.a(bitarray.c.obj)
                              (--whole-archive)
zephyr/libzephyr.a(ring_buffer.c.obj)
                              (--whole-archive)
zephyr/libzephyr.a(configs.c.obj)
                              (--whole-archive)
zephyr/libzephyr.a(soc.c.obj)
                              (--whole-archive)
zephyr/libzephyr.a(mpu_regions.c.obj)
                              (--whole-archive)
zephyr/libzephyr.a(log_core.c.obj)
                              (--whole-archive)
zephyr/libzephyr.a(log_mgmt.c.obj)
                              (--whole-archive)
zephyr/libzephyr.a(log_cache.c.obj)
                              (--whole-archive)
zephyr/libzephyr.a(log_msg.c.obj)
                              (--whole-archive)
zephyr/libzephyr.a(log_output.c.obj)
                              (--whole-archive)
zephyr/libzephyr.a(log_backend_uart.c.obj)
                              (--whole-archive)
zephyr/libzephyr.a(mem_attr.c.obj)
                              (--whole-archive)
zephyr/libzephyr.a(tracing_none.c.obj)
                              (--whole-archive)
zephyr/libzephyr.a(usb_device.c.obj)
                              (--whole-archive)
zephyr/libzephyr.a(usb_descriptor.c.obj)
                              (--whole-archive)
zephyr/libzephyr.a(usb_transfer.c.obj)
                              (--whole-archive)
zephyr/libzephyr.a(cdc_acm.c.obj)
                              (--whole-archive)
zephyr/libzephyr.a(usb_work_q.c.obj)
                              (--whole-archive)
zephyr/arch/common/libarch__common.a(sw_isr_common.c.obj)
                              (--whole-archive)
zephyr/arch/arch/arm/core/libarch__arm__core.a(fatal.c.obj)
                              (--whole-archive)
zephyr/arch/arch/arm/core/libarch__arm__core.a(nmi.c.obj)
                              (--whole-archive)
zephyr/arch/arch/arm/core/libarch__arm__core.a(nmi_on_reset.S.obj)
                              (--whole-archive)
zephyr/arch/arch/arm/core/libarch__arm__core.a(tls.c.obj)
                              (--whole-archive)
zephyr/arch/arch/arm/core/cortex_m/libarch__arm__core__cortex_m.a(exc_exit.c.obj)
                              (--whole-archive)
zephyr/arch/arch/arm/core/cortex_m/libarch__arm__core__cortex_m.a(fault.c.obj)
                              (--whole-archive)
zephyr/arch/arch/arm/core/cortex_m/libarch__arm__core__cortex_m.a(fault_s.S.obj)
                              (--whole-archive)
zephyr/arch/arch/arm/core/cortex_m/libarch__arm__core__cortex_m.a(fpu.c.obj)
                              (--whole-archive)
zephyr/arch/arch/arm/core/cortex_m/libarch__arm__core__cortex_m.a(reset.S.obj)
                              (--whole-archive)
zephyr/arch/arch/arm/core/cortex_m/libarch__arm__core__cortex_m.a(scb.c.obj)
                              (--whole-archive)
zephyr/arch/arch/arm/core/cortex_m/libarch__arm__core__cortex_m.a(thread_abort.c.obj)
                              (--whole-archive)
zephyr/arch/arch/arm/core/cortex_m/libarch__arm__core__cortex_m.a(vector_table.S.obj)
                              (--whole-archive)
zephyr/arch/arch/arm/core/cortex_m/libarch__arm__core__cortex_m.a(swap.c.obj)
                              (--whole-archive)
zephyr/arch/arch/arm/core/cortex_m/libarch__arm__core__cortex_m.a(swap_helper.S.obj)
                              (--whole-archive)
zephyr/arch/arch/arm/core/cortex_m/libarch__arm__core__cortex_m.a(irq_manage.c.obj)
                              (--whole-archive)
zephyr/arch/arch/arm/core/cortex_m/libarch__arm__core__cortex_m.a(prep_c.c.obj)
                              (--whole-archive)
zephyr/arch/arch/arm/core/cortex_m/libarch__arm__core__cortex_m.a(thread.c.obj)
                              (--whole-archive)
zephyr/arch/arch/arm/core/cortex_m/libarch__arm__core__cortex_m.a(cpu_idle.c.obj)
[...]
Memory Configuration

Name             Origin             Length             Attributes
FLASH            0x0000000060000000 0x0000000000800000 xr
RAM              0x0000000020280000 0x0000000000040000 xw
ITCM             0x0000000000000000 0x0000000000020000
DTCM             0x0000000020000000 0x0000000000020000
OCRAM            0x0000000020280000 0x0000000000040000
OCRAM2           0x0000000020200000 0x0000000000080000
IDT_LIST         0x00000000ffff7fff 0x0000000000008000 xw
*default*        0x0000000000000000 0xffffffffffffffff

Linker script and memory map

                0x000000006001708c                vfprintf = __l_vfprintf
                0x0000000000000000                vfscanf = __l_vfscanf
LOAD zephyr/CMakeFiles/zephyr_final.dir/misc/empty_file.c.obj
LOAD zephyr/CMakeFiles/zephyr_final.dir/isr_tables.c.obj
LOAD zephyr/CMakeFiles/offsets.dir/./arch/arm/core/offsets/offsets.c.obj
LOAD app/libapp.a
LOAD zephyr/libzephyr.a
LOAD zephyr/arch/common/libarch__common.a
LOAD zephyr/arch/arch/arm/core/libarch__arm__core.a
LOAD zephyr/arch/arch/arm/core/cortex_m/libarch__arm__core__cortex_m.a
LOAD zephyr/arch/arch/arm/core/mpu/libarch__arm__core__mpu.a
LOAD zephyr/lib/libc/picolibc/liblib__libc__picolibc.a
LOAD zephyr/lib/libc/common/liblib__libc__common.a
LOAD zephyr/boards/pjrc/teensy4/libboards__pjrc__teensy4.a
LOAD zephyr/subsys/input/libsubsys__input.a
LOAD zephyr/drivers/usb/device/libdrivers__usb__device.a
LOAD zephyr/drivers/clock_control/libdrivers__clock_control.a
LOAD zephyr/drivers/console/libdrivers__console.a
LOAD zephyr/drivers/display/libdrivers__display.a
LOAD zephyr/drivers/gpio/libdrivers__gpio.a
LOAD zephyr/drivers/hwinfo/libdrivers__hwinfo.a
LOAD zephyr/drivers/input/libdrivers__input.a
LOAD zephyr/drivers/memc/libdrivers__memc.a
LOAD zephyr/drivers/pinctrl/libdrivers__pinctrl.a
LOAD zephyr/drivers/serial/libdrivers__serial.a
LOAD zephyr/drivers/spi/libdrivers__spi.a
LOAD zephyr/drivers/timer/libdrivers__timer.a
LOAD modules/hal_nxp/hal_nxp/lib..__modules__hal__nxp.a
LOAD modules/lvgl/libmodules__lvgl.a
LOAD zephyr/kernel/libkernel.a
LOAD /home/willow/zephyr-sdk-0.16.8/arm-zephyr-eabi/bin/../lib/gcc/arm-zephyr-eabi/12.2.0/thumb/v7e-m/nofp/libgcc.a
LOAD zephyr/arch/common/libisr_tables.a
LOAD /home/willow/zephyr-sdk-0.16.8/arm-zephyr-eabi/bin/../lib/gcc/../../picolibc/arm-zephyr-eabi/lib/thumb/v7e-m/nofp/libc.a
LOAD /home/willow/zephyr-sdk-0.16.8/arm-zephyr-eabi/bin/../lib/gcc/arm-zephyr-eabi/12.2.0/thumb/v7e-m/nofp/libgcc.a
                0x0000000000000020                _region_min_align = 0x20

.rel.plt        0x0000000060000000        0x0
 *(SORT_BY_ALIGNMENT(.rel.plt))
                [!provide]                        PROVIDE (__rel_iplt_start = .)
 *(SORT_BY_ALIGNMENT(.rel.iplt))
 .rel.iplt      0x0000000060000000        0x0 zephyr/CMakeFiles/zephyr_final.dir/isr_tables.c.obj
                [!provide]                        PROVIDE (__rel_iplt_end = .)

.rela.plt       0x0000000000000000        0x0
 *(SORT_BY_ALIGNMENT(.rela.plt))
                [!provide]                        PROVIDE (__rela_iplt_start = .)
 *(SORT_BY_ALIGNMENT(.rela.iplt))
                [!provide]                        PROVIDE (__rela_iplt_end = .)

.rel.dyn
 *(SORT_BY_ALIGNMENT(.rel.*))

.rela.dyn
 *(SORT_BY_ALIGNMENT(.rela.*))

/DISCARD/
 *(SORT_BY_ALIGNMENT(.plt))

/DISCARD/
 *(SORT_BY_ALIGNMENT(.iplt))
                0x0000000060000000                __rom_region_start = 0x60000000

rom_start       0x0000000060000000     0x22c0
                0x0000000060000000                __rom_start_address = .
 FILL mask 0x00
                0x0000000000000000                . = 0x0
 *(SORT_BY_ALIGNMENT(.boot_hdr.conf))
 .boot_hdr.conf
                0x0000000060000000      0x200 zephyr/boards/pjrc/teensy4/libboards__pjrc__teensy4.a(flexspi_nor_config.c.obj)
                0x0000000060000000                Qspiflash_config
                0x0000000000001000                . = 0x1000
 *fill*         0x0000000060000200      0xe00 00
 *(SORT_BY_ALIGNMENT(.boot_hdr.ivt))
 .boot_hdr.ivt  0x0000000060001000       0x20 zephyr/libzephyr.a(soc.c.obj)
                0x0000000060001000                image_vector_table
 *(SORT_BY_ALIGNMENT(.boot_hdr.data))
 .boot_hdr.data
                0x0000000060001020       0x10 zephyr/libzephyr.a(soc.c.obj)
                0x0000000060001020                boot_data
                0x0000000060002000                . = (. + (0x2000 - (. - __rom_start_address)))
 *fill*         0x0000000060001030      0xfd0 00
                0x0000000060002000                . = ALIGN (0x4)
                0x0000000060002000                . = ALIGN (0x80)
                0x0000000060002000                . = ALIGN (0x400)
                0x0000000060002000                _vector_start = .
 *(SORT_BY_ALIGNMENT(.exc_vector_table))
 *(SORT_BY_ALIGNMENT(.exc_vector_table.*))
 .exc_vector_table._vector_table_section
                0x0000000060002000       0x40 zephyr/arch/arch/arm/core/cortex_m/libarch__arm__core__cortex_m.a(vector_table.S.obj)
                0x0000000060002000                _vector_table
 *(SORT_BY_ALIGNMENT(.vectors))
                0x00000000600022c0                _vector_end = .
                0x0000000060002040                . = ALIGN (0x4)
 *(SORT_BY_ALIGNMENT(.gnu.linkonce.irq_vector_table*))
 .gnu.linkonce.irq_vector_table
                0x0000000060002040      0x280 zephyr/CMakeFiles/zephyr_final.dir/isr_tables.c.obj
                0x0000000060002040                _irq_vector_table
                0x00000000600022c0                _vector_end = .

text            0x00000000600022c0    0x20a74
                0x00000000600022c0                __text_region_start = .
 *(SORT_BY_ALIGNMENT(.text))
 .text          0x00000000600022c0       0x30 /home/willow/zephyr-sdk-0.16.8/arm-zephyr-eabi/bin/../lib/gcc/arm-zephyr-eabi/12.2.0/thumb/v7e-m/nofp/libgcc.a(_aeabi_uldivmod.o)
                0x00000000600022c0                __aeabi_uldivmod
 .text          0x00000000600022f0        0x4 /home/willow/zephyr-sdk-0.16.8/arm-zephyr-eabi/bin/../lib/gcc/arm-zephyr-eabi/12.2.0/thumb/v7e-m/nofp/libgcc.a(_dvmd_tls.o)
                0x00000000600022f0                __aeabi_ldiv0
                0x00000000600022f0                __aeabi_idiv0
 .text          0x00000000600022f4      0x2a0 /home/willow/zephyr-sdk-0.16.8/arm-zephyr-eabi/bin/../lib/gcc/arm-zephyr-eabi/12.2.0/thumb/v7e-m/nofp/libgcc.a(_udivmoddi4.o)
                0x00000000600022f4                __udivmoddi4
 .text          0x0000000060002594       0x14 /home/willow/zephyr-sdk-0.16.8/arm-zephyr-eabi/bin/../lib/gcc/../../picolibc/arm-zephyr-eabi/lib/thumb/v7e-m/nofp/libc.a(strcmp.S.o)
                0x0000000060002594                strcmp
 .text          0x00000000600025a8       0x10 /home/willow/zephyr-sdk-0.16.8/arm-zephyr-eabi/bin/../lib/gcc/../../picolibc/arm-zephyr-eabi/lib/thumb/v7e-m/nofp/libc.a(strcpy.S.o)
                0x00000000600025a8                strcpy
 .text          0x00000000600025b8       0x10 /home/willow/zephyr-sdk-0.16.8/arm-zephyr-eabi/bin/../lib/gcc/../../picolibc/arm-zephyr-eabi/lib/thumb/v7e-m/nofp/libc.a(strlen.S.o)
                0x00000000600025b8                strlen
 *(SORT_BY_ALIGNMENT(.text.*))
 .text.LPSPI_MasterSetDelayTimes
                0x00000000600025c8      0x124 modules/hal_nxp/hal_nxp/lib..__modules__hal__nxp.a(fsl_lpspi.c.obj)
                0x00000000600025c8                LPSPI_MasterSetDelayTimes
 .text.button_isr_callback
                0x00000000600026ec        0xc app/libapp.a(main.c.obj)
 .text.main     0x00000000600026f8      0x1e8 app/libapp.a(main.c.obj)
                0x00000000600026f8                main
 .text.cbvprintf_package
                0x00000000600028e0      0x3a4 zephyr/libzephyr.a(cbprintf_packaged.c.obj)
                0x00000000600028e0                cbvprintf_package
 .text.cbprintf_package_convert
                0x0000000060002c84      0x3c0 zephyr/libzephyr.a(cbprintf_packaged.c.obj)
                0x0000000060002c84                cbprintf_package_convert
 .text.__printk_hook_install
                0x0000000060003044        0xc zephyr/libzephyr.a(printk.c.obj)
                0x0000000060003044                __printk_hook_install
 .text.z_thread_entry
                0x0000000060003050       0x34 zephyr/libzephyr.a(thread_entry.c.obj)
                0x0000000060003050                z_thread_entry
 .text.imxrt_init
                0x0000000060003084      0x100 zephyr/libzephyr.a(soc.c.obj)
 .text.z_arm_platform_init
                0x0000000060003184       0x20 zephyr/libzephyr.a(soc.c.obj)
                0x0000000060003184                z_arm_platform_init
 .text.activate_foreach_backend
                0x00000000600031a4       0x64 zephyr/libzephyr.a(log_core.c.obj)
 .text.enable_logger
                0x0000000060003208       0x5c zephyr/libzephyr.a(log_core.c.obj)
 .text.log_process_thread_timer_expiry_fn
                0x0000000060003264        0xc zephyr/libzephyr.a(log_core.c.obj)
 .text.z_log_init
                0x0000000060003270       0x8c zephyr/libzephyr.a(log_core.c.obj)
 .text.log_format_func_t_get
                0x00000000600032fc        0xc zephyr/libzephyr.a(log_core.c.obj)
                0x00000000600032fc                log_format_func_t_get
 .text.log_set_timestamp_func
                0x0000000060003308       0x20 zephyr/libzephyr.a(log_core.c.obj)
                0x0000000060003308                log_set_timestamp_func
 .text.z_log_notify_backend_enabled
                0x0000000060003328       0x1c zephyr/libzephyr.a(log_core.c.obj)
                0x0000000060003328                z_log_notify_backend_enabled
 .text.z_log_dropped
                0x0000000060003344       0x30 zephyr/libzephyr.a(log_core.c.obj)
                0x0000000060003344                z_log_dropped
 .text.z_log_dropped_read_and_clear
                0x0000000060003374       0x20 zephyr/libzephyr.a(log_core.c.obj)
                0x0000000060003374                z_log_dropped_read_and_clear
 .text.dropped_notify
                0x0000000060003394       0x30 zephyr/libzephyr.a(log_core.c.obj)
                0x0000000060003394                dropped_notify
 .text.z_log_msg_init
                0x00000000600033c4       0x20 zephyr/libzephyr.a(log_core.c.obj)
                0x00000000600033c4                z_log_msg_init
 .text.log_core_init
                0x00000000600033e4       0x34 zephyr/libzephyr.a(log_core.c.obj)
                0x00000000600033e4                log_core_init
 .text.z_log_msg_alloc
                0x0000000060003418       0x10 zephyr/libzephyr.a(log_core.c.obj)
                0x0000000060003418                z_log_msg_alloc
 .text.z_log_msg_local_claim
                0x0000000060003428        0xc zephyr/libzephyr.a(log_core.c.obj)
                0x0000000060003428                z_log_msg_local_claim
 .text.z_log_msg_free
                0x0000000060003434       0x10 zephyr/libzephyr.a(log_core.c.obj)
                0x0000000060003434                z_log_msg_free
 .text.z_log_msg_pending
                0x0000000060003444        0xc zephyr/libzephyr.a(log_core.c.obj)
                0x0000000060003444                z_log_msg_pending
 .text.z_impl_log_process
                0x0000000060003450       0xb0 zephyr/libzephyr.a(log_core.c.obj)
                0x0000000060003450                z_impl_log_process
 .text.z_impl_log_panic
                0x0000000060003500       0x44 zephyr/libzephyr.a(log_core.c.obj)
                0x0000000060003500                z_impl_log_panic
 .text.log_process_thread_func
                0x0000000060003544       0xa4 zephyr/libzephyr.a(log_core.c.obj)
 .text.z_log_msg_post_finalize
                0x00000000600035e8       0x78 zephyr/libzephyr.a(log_core.c.obj)
 .text.z_log_msg_commit
                0x0000000060003660       0x24 zephyr/libzephyr.a(log_core.c.obj)
                0x0000000060003660                z_log_msg_commit
 .text.log_source_name_get
                0x0000000060003684       0x1c zephyr/libzephyr.a(log_mgmt.c.obj)
                0x0000000060003684                log_source_name_get
 .text.log_backend_enable
                0x00000000600036a0       0x28 zephyr/libzephyr.a(log_mgmt.c.obj)
                0x00000000600036a0                log_backend_enable
 .text.z_impl_z_log_msg_static_create
                0x00000000600036c8      0x108 zephyr/libzephyr.a(log_msg.c.obj)
                0x00000000600036c8                z_impl_z_log_msg_static_create
 .text.z_log_msg_runtime_vcreate
                0x00000000600037d0       0xa0 zephyr/libzephyr.a(log_msg.c.obj)
                0x00000000600037d0                z_log_msg_runtime_vcreate
 .text.log_msg_get_source_id
                0x0000000060003870       0x18 zephyr/libzephyr.a(log_msg.c.obj)
                0x0000000060003870                log_msg_get_source_id
 .text.print_formatted
                0x0000000060003888       0x24 zephyr/libzephyr.a(log_output.c.obj)
 .text.newline_print
                0x00000000600038ac       0x1c zephyr/libzephyr.a(log_output.c.obj)
 .text.log_output_process
                0x00000000600038c8      0x2d4 zephyr/libzephyr.a(log_output.c.obj)
                0x00000000600038c8                log_output_process
 .text.log_output_dropped_process
                0x0000000060003b9c       0x58 zephyr/libzephyr.a(log_output.c.obj)
                0x0000000060003b9c                log_output_dropped_process
 .text.log_output_timestamp_freq_set
                0x0000000060003bf4       0x2c zephyr/libzephyr.a(log_output.c.obj)
                0x0000000060003bf4                log_output_timestamp_freq_set
 .text.char_out
                0x0000000060003c20       0x24 zephyr/libzephyr.a(log_backend_uart.c.obj)
 .text.mem_attr_get_regions
                0x0000000060003c44        0xc zephyr/libzephyr.a(mem_attr.c.obj)
                0x0000000060003c44                mem_attr_get_regions
 .text.class_handler
                0x0000000060003c50       0x40 zephyr/libzephyr.a(usb_device.c.obj)
 .text.custom_handler
                0x0000000060003c90       0x60 zephyr/libzephyr.a(usb_device.c.obj)
 .text.vendor_handler
                0x0000000060003cf0       0x3c zephyr/libzephyr.a(usb_device.c.obj)
 .text.usb_reset_alt_setting
                0x0000000060003d2c       0x10 zephyr/libzephyr.a(usb_device.c.obj)
 .text.is_ep_valid.part.0
                0x0000000060003d3c       0x38 zephyr/libzephyr.a(usb_device.c.obj)
 .text.get_ep_bm_from_addr.part.0
                0x0000000060003d74       0x1c zephyr/libzephyr.a(usb_device.c.obj)
 .text.disable_endpoint
                0x0000000060003d90       0x58 zephyr/libzephyr.a(usb_device.c.obj)
 .text.usb_handle_request.constprop.0
                0x0000000060003de8       0x2c zephyr/libzephyr.a(usb_device.c.obj)
 .text.forward_status_cb
                0x0000000060003e14       0xb0 zephyr/libzephyr.a(usb_device.c.obj)
 .text.usb_halt_endpoint_req.isra.0
                0x0000000060003ec4       0x78 zephyr/libzephyr.a(usb_device.c.obj)
 .text.set_endpoint
                0x0000000060003f3c       0xcc zephyr/libzephyr.a(usb_device.c.obj)
 .text.usb_handle_standard_request
                0x0000000060004008      0x29c zephyr/libzephyr.a(usb_device.c.obj)
 .text.usb_write
                0x00000000600042a4       0x4c zephyr/libzephyr.a(usb_device.c.obj)
                0x00000000600042a4                usb_write
 .text.usb_data_to_host
                0x00000000600042f0       0x60 zephyr/libzephyr.a(usb_device.c.obj)
 .text.usb_handle_control_transfer
                0x0000000060004350       0xf4 zephyr/libzephyr.a(usb_device.c.obj)
 .text.usb_set_config
                0x0000000060004444       0x2c zephyr/libzephyr.a(usb_device.c.obj)
                0x0000000060004444                usb_set_config
 .text.usb_enable
                0x0000000060004470      0x160 zephyr/libzephyr.a(usb_device.c.obj)
                0x0000000060004470                usb_enable
 .text.usb_update_sn_string_descriptor
                0x00000000600045d0       0x8c zephyr/libzephyr.a(usb_descriptor.c.obj)
                0x00000000600045d0                usb_update_sn_string_descriptor
 .text.usb_get_device_descriptor
                0x000000006000465c      0x25c zephyr/libzephyr.a(usb_descriptor.c.obj)
                0x000000006000465c                usb_get_device_descriptor
 .text.usb_ep_get_transfer
                0x00000000600048b8       0x28 zephyr/libzephyr.a(usb_transfer.c.obj)
 .text.usb_transfer_work
                0x00000000600048e0      0x118 zephyr/libzephyr.a(usb_transfer.c.obj)
 .text.usb_transfer_ep_callback
                0x00000000600049f8       0x6c zephyr/libzephyr.a(usb_transfer.c.obj)
                0x00000000600049f8                usb_transfer_ep_callback
 .text.usb_transfer
                0x0000000060004a64      0x118 zephyr/libzephyr.a(usb_transfer.c.obj)
                0x0000000060004a64                usb_transfer
 .text.usb_cancel_transfer
                0x0000000060004b7c       0x3c zephyr/libzephyr.a(usb_transfer.c.obj)
                0x0000000060004b7c                usb_cancel_transfer
 .text.usb_cancel_transfers
                0x0000000060004bb8       0x44 zephyr/libzephyr.a(usb_transfer.c.obj)
                0x0000000060004bb8                usb_cancel_transfers
 .text.usb_transfer_init
                0x0000000060004bfc       0x30 zephyr/libzephyr.a(usb_transfer.c.obj)
                0x0000000060004bfc                usb_transfer_init
 .text.cdc_acm_class_handle_req
                0x0000000060004c2c       0x64 zephyr/libzephyr.a(cdc_acm.c.obj)
                0x0000000060004c2c                cdc_acm_class_handle_req
 .text.cdc_acm_int_in
                0x0000000060004c90       0x18 zephyr/libzephyr.a(cdc_acm.c.obj)
 .text.cdc_acm_irq_rx_enable
                0x0000000060004ca8       0x20 zephyr/libzephyr.a(cdc_acm.c.obj)
 .text.cdc_acm_irq_tx_enable
                0x0000000060004cc8       0x20 zephyr/libzephyr.a(cdc_acm.c.obj)
 .text.cdc_acm_write_cb
                0x0000000060004ce8       0x54 zephyr/libzephyr.a(cdc_acm.c.obj)
 .text.cdc_acm_fifo_fill
                0x0000000060004d3c       0x50 zephyr/libzephyr.a(cdc_acm.c.obj)
 .text.cdc_acm_reset_port
                0x0000000060004d8c       0x3c zephyr/libzephyr.a(cdc_acm.c.obj)
 .text.tx_work_handler
                0x0000000060004dc8       0x68 zephyr/libzephyr.a(cdc_acm.c.obj)
 .text.cdc_acm_init
                0x0000000060004e30       0x48 zephyr/libzephyr.a(cdc_acm.c.obj)
 .text.cdc_acm_send_notification.isra.0
                0x0000000060004e78       0x44 zephyr/libzephyr.a(cdc_acm.c.obj)
 .text.cdc_acm_poll_out
                0x0000000060004ebc       0x70 zephyr/libzephyr.a(cdc_acm.c.obj)
 .text.cdc_acm_read_cb
                0x0000000060004f2c       0x78 zephyr/libzephyr.a(cdc_acm.c.obj)
 .text.cdc_acm_dev_status_cb
                0x0000000060004fa4       0x80 zephyr/libzephyr.a(cdc_acm.c.obj)
 .text.z_usb_work_q_init
                0x0000000060005024       0x34 zephyr/libzephyr.a(usb_work_q.c.obj)
 .text.z_arm_fatal_error
                0x0000000060005058       0xb8 zephyr/arch/arch/arm/core/libarch__arm__core.a(fatal.c.obj)
                0x0000000060005058                z_arm_fatal_error
 .text.z_SysNmiOnReset
                0x0000000060005110        0x8 zephyr/arch/arch/arm/core/libarch__arm__core.a(nmi_on_reset.S.obj)
                0x0000000060005110                z_SysNmiOnReset
 .text.arch_tls_stack_setup
                0x0000000060005118       0x40 zephyr/arch/arch/arm/core/libarch__arm__core.a(tls.c.obj)
                0x0000000060005118                arch_tls_stack_setup
 .text._HandlerModeExit
                0x0000000060005158       0x28 zephyr/arch/arch/arm/core/cortex_m/libarch__arm__core__cortex_m.a(exc_exit.c.obj)
                0x0000000060005158                z_arm_exc_exit
                0x0000000060005158                z_arm_int_exit
 .text.bus_fault.constprop.0
                0x0000000060005180       0xd0 zephyr/arch/arch/arm/core/cortex_m/libarch__arm__core__cortex_m.a(fault.c.obj)
 .text.usage_fault.constprop.0
                0x0000000060005250       0xa8 zephyr/arch/arch/arm/core/cortex_m/libarch__arm__core__cortex_m.a(fault.c.obj)
 .text.mem_manage_fault
                0x00000000600052f8      0x104 zephyr/arch/arch/arm/core/cortex_m/libarch__arm__core__cortex_m.a(fault.c.obj)
 .text.z_arm_fault
                0x00000000600053fc      0x1d4 zephyr/arch/arch/arm/core/cortex_m/libarch__arm__core__cortex_m.a(fault.c.obj)
                0x00000000600053fc                z_arm_fault
 .text.z_arm_fault_init
                0x00000000600055d0       0x10 zephyr/arch/arch/arm/core/cortex_m/libarch__arm__core__cortex_m.a(fault.c.obj)
                0x00000000600055d0                z_arm_fault_init
 .text.__fault  0x00000000600055e0       0x14 zephyr/arch/arch/arm/core/cortex_m/libarch__arm__core__cortex_m.a(fault_s.S.obj)
                0x00000000600055e0                z_arm_bus_fault
                0x00000000600055e0                z_arm_usage_fault
                0x00000000600055e0                z_arm_mpu_fault
                0x00000000600055e0                z_arm_exc_spurious
                0x00000000600055e0                z_arm_debug_monitor
                0x00000000600055e0                z_arm_hard_fault
 .text._reset_section
                0x00000000600055f4       0x30 zephyr/arch/arch/arm/core/cortex_m/libarch__arm__core__cortex_m.a(reset.S.obj)
                0x00000000600055f4                z_arm_reset
                0x00000000600055f4                __start
 .text.z_impl_k_thread_abort
                0x0000000060005624       0x2c zephyr/arch/arch/arm/core/cortex_m/libarch__arm__core__cortex_m.a(thread_abort.c.obj)
                0x0000000060005624                z_impl_k_thread_abort
 .text.arch_swap
                0x0000000060005650       0x30 zephyr/arch/arch/arm/core/cortex_m/libarch__arm__core__cortex_m.a(swap.c.obj)
                0x0000000060005650                arch_swap
 .text.z_arm_pendsv_c
                0x0000000060005680       0x48 zephyr/arch/arch/arm/core/cortex_m/libarch__arm__core__cortex_m.a(swap.c.obj)
                0x0000000060005680                z_arm_pendsv_c
 .text.z_arm_pendsv
                0x00000000600056c8       0x34 zephyr/arch/arch/arm/core/cortex_m/libarch__arm__core__cortex_m.a(swap_helper.S.obj)
                0x00000000600056c8                z_arm_pendsv
 .text.z_arm_svc
                0x00000000600056fc       0x20 zephyr/arch/arch/arm/core/cortex_m/libarch__arm__core__cortex_m.a(swap_helper.S.obj)
                0x00000000600056fc                z_arm_svc
 .text.arch_irq_enable
                0x000000006000571c       0x1c zephyr/arch/arch/arm/core/cortex_m/libarch__arm__core__cortex_m.a(irq_manage.c.obj)
                0x000000006000571c                arch_irq_enable
 .text.z_arm_irq_priority_set
                0x0000000060005738       0x2c zephyr/arch/arch/arm/core/cortex_m/libarch__arm__core__cortex_m.a(irq_manage.c.obj)
                0x0000000060005738                z_arm_irq_priority_set
 .text.z_prep_c
                0x0000000060005764       0x48 zephyr/arch/arch/arm/core/cortex_m/libarch__arm__core__cortex_m.a(prep_c.c.obj)
                0x0000000060005764                z_prep_c
 .text.arch_new_thread
                0x00000000600057ac       0x2c zephyr/arch/arch/arm/core/cortex_m/libarch__arm__core__cortex_m.a(thread.c.obj)
                0x00000000600057ac                arch_new_thread
 .text.z_check_thread_stack_fail
                0x00000000600057d8       0x2c zephyr/arch/arch/arm/core/cortex_m/libarch__arm__core__cortex_m.a(thread.c.obj)
                0x00000000600057d8                z_check_thread_stack_fail
 .text.arch_switch_to_main_thread
                0x0000000060005804       0x44 zephyr/arch/arch/arm/core/cortex_m/libarch__arm__core__cortex_m.a(thread.c.obj)
                0x0000000060005804                arch_switch_to_main_thread
 .text.z_arm_cpu_idle_init
                0x0000000060005848        0xc zephyr/arch/arch/arm/core/cortex_m/libarch__arm__core__cortex_m.a(cpu_idle.c.obj)
                0x0000000060005848                z_arm_cpu_idle_init
 .text.z_arm_interrupt_init
                0x0000000060005854       0x18 zephyr/arch/arch/arm/core/cortex_m/libarch__arm__core__cortex_m.a(irq_init.c.obj)
                0x0000000060005854                z_arm_interrupt_init
 .text._isr_wrapper
                0x000000006000586c       0x24 zephyr/arch/arch/arm/core/cortex_m/libarch__arm__core__cortex_m.a(isr_wrapper.c.obj)
                0x000000006000586c                _isr_wrapper
 .text.arch_dcache_enable
                0x0000000060005890       0x5c zephyr/arch/arch/arm/core/cortex_m/libarch__arm__core__cortex_m.a(cache.c.obj)
                0x0000000060005890                arch_dcache_enable
 .text.arch_icache_enable
                0x00000000600058ec       0x34 zephyr/arch/arch/arm/core/cortex_m/libarch__arm__core__cortex_m.a(cache.c.obj)
                0x00000000600058ec                arch_icache_enable
 .text.z_arm_configure_static_mpu_regions
                0x0000000060005920       0x18 zephyr/arch/arch/arm/core/mpu/libarch__arm__core__mpu.a(arm_core_mpu.c.obj)
                0x0000000060005920                z_arm_configure_static_mpu_regions
 .text.z_arm_configure_dynamic_mpu_regions
                0x0000000060005938       0x20 zephyr/arch/arch/arm/core/mpu/libarch__arm__core__mpu.a(arm_core_mpu.c.obj)
                0x0000000060005938                z_arm_configure_dynamic_mpu_regions
 .text.region_allocate_and_init
                0x0000000060005958       0x54 zephyr/arch/arch/arm/core/mpu/libarch__arm__core__mpu.a(arm_mpu.c.obj)
 .text.mpu_configure_regions
                0x00000000600059ac       0x68 zephyr/arch/arch/arm/core/mpu/libarch__arm__core__mpu.a(arm_mpu.c.obj)
 .text.arm_core_mpu_enable
                0x0000000060005a14       0x18 zephyr/arch/arch/arm/core/mpu/libarch__arm__core__mpu.a(arm_mpu.c.obj)
                0x0000000060005a14                arm_core_mpu_enable
 .text.arm_core_mpu_disable
                0x0000000060005a2c       0x14 zephyr/arch/arch/arm/core/mpu/libarch__arm__core__mpu.a(arm_mpu.c.obj)
                0x0000000060005a2c                arm_core_mpu_disable
 .text.arm_core_mpu_configure_static_mpu_regions
                0x0000000060005a40       0x14 zephyr/arch/arch/arm/core/mpu/libarch__arm__core__mpu.a(arm_mpu.c.obj)
                0x0000000060005a40                arm_core_mpu_configure_static_mpu_regions
 .text.arm_core_mpu_configure_dynamic_mpu_regions
                0x0000000060005a54       0x38 zephyr/arch/arch/arm/core/mpu/libarch__arm__core__mpu.a(arm_mpu.c.obj)
                0x0000000060005a54                arm_core_mpu_configure_dynamic_mpu_regions
 .text.z_arm_mpu_init
                0x0000000060005a8c      0x1c4 zephyr/arch/arch/arm/core/mpu/libarch__arm__core__mpu.a(arm_mpu.c.obj)
                0x0000000060005a8c                z_arm_mpu_init
 .text.z_impl_zephyr_fputc
                0x0000000060005c50       0x10 zephyr/lib/libc/picolibc/liblib__libc__picolibc.a(libc-hooks.c.obj)
                0x0000000060005c50                z_impl_zephyr_fputc
 .text.__stdout_hook_install
                0x0000000060005c60       0x18 zephyr/lib/libc/picolibc/liblib__libc__picolibc.a(libc-hooks.c.obj)
                0x0000000060005c60                __stdout_hook_install
 .text.cbvprintf
                0x0000000060005c78       0x38 zephyr/lib/libc/picolibc/liblib__libc__picolibc.a(libc-hooks.c.obj)
                0x0000000060005c78                cbvprintf
 .text.malloc_prepare
                0x0000000060005cb0       0x24 zephyr/lib/libc/common/liblib__libc__common.a(malloc.c.obj)
 .text.input_thread
                0x0000000060005cd4       0x5c zephyr/subsys/input/libsubsys__input.a(input.c.obj)
 .text.input_report
                0x0000000060005d30       0x2c zephyr/subsys/input/libsubsys__input.a(input.c.obj)
                0x0000000060005d30                input_report
 .text.usb_isr_handler
                0x0000000060005d5c        0xc zephyr/drivers/usb/device/libdrivers__usb__device.a(usb_dc_mcux.c.obj)
 .text.usb_mcux_init
                0x0000000060005d68       0x68 zephyr/drivers/usb/device/libdrivers__usb__device.a(usb_dc_mcux.c.obj)
 .text.usb_mcux_thread_main
                0x0000000060005dd0      0x1ac zephyr/drivers/usb/device/libdrivers__usb__device.a(usb_dc_mcux.c.obj)
 .text.usb_dc_attach
                0x0000000060005f7c       0x5c zephyr/drivers/usb/device/libdrivers__usb__device.a(usb_dc_mcux.c.obj)
                0x0000000060005f7c                usb_dc_attach
 .text.usb_dc_set_address
                0x0000000060005fd8       0x28 zephyr/drivers/usb/device/libdrivers__usb__device.a(usb_dc_mcux.c.obj)
                0x0000000060005fd8                usb_dc_set_address
 .text.usb_dc_ep_configure
                0x0000000060006000       0xe4 zephyr/drivers/usb/device/libdrivers__usb__device.a(usb_dc_mcux.c.obj)
                0x0000000060006000                usb_dc_ep_configure
 .text.usb_dc_ep_set_stall
                0x00000000600060e4       0x3c zephyr/drivers/usb/device/libdrivers__usb__device.a(usb_dc_mcux.c.obj)
                0x00000000600060e4                usb_dc_ep_set_stall
 .text.usb_dc_ep_clear_stall
                0x0000000060006120       0x74 zephyr/drivers/usb/device/libdrivers__usb__device.a(usb_dc_mcux.c.obj)
                0x0000000060006120                usb_dc_ep_clear_stall
 .text.usb_dc_ep_is_stalled
                0x0000000060006194       0x4c zephyr/drivers/usb/device/libdrivers__usb__device.a(usb_dc_mcux.c.obj)
                0x0000000060006194                usb_dc_ep_is_stalled
 .text.usb_dc_ep_enable
                0x00000000600061e0       0x74 zephyr/drivers/usb/device/libdrivers__usb__device.a(usb_dc_mcux.c.obj)
                0x00000000600061e0                usb_dc_ep_enable
 .text.usb_dc_ep_disable
                0x0000000060006254       0x5c zephyr/drivers/usb/device/libdrivers__usb__device.a(usb_dc_mcux.c.obj)
                0x0000000060006254                usb_dc_ep_disable
 .text.usb_dc_ep_write
                0x00000000600062b0       0x64 zephyr/drivers/usb/device/libdrivers__usb__device.a(usb_dc_mcux.c.obj)
                0x00000000600062b0                usb_dc_ep_write
 .text.usb_dc_ep_read_wait
                0x0000000060006314       0xc4 zephyr/drivers/usb/device/libdrivers__usb__device.a(usb_dc_mcux.c.obj)
                0x0000000060006314                usb_dc_ep_read_wait
 .text.usb_dc_ep_read_continue
                0x00000000600063d8       0x74 zephyr/drivers/usb/device/libdrivers__usb__device.a(usb_dc_mcux.c.obj)
                0x00000000600063d8                usb_dc_ep_read_continue
 .text.usb_dc_ep_set_callback
                0x000000006000644c       0x34 zephyr/drivers/usb/device/libdrivers__usb__device.a(usb_dc_mcux.c.obj)
                0x000000006000644c                usb_dc_ep_set_callback
 .text.usb_dc_set_status_callback
                0x0000000060006480        0xc zephyr/drivers/usb/device/libdrivers__usb__device.a(usb_dc_mcux.c.obj)
                0x0000000060006480                usb_dc_set_status_callback
 .text.usb_dc_ep_mps
                0x000000006000648c       0x2c zephyr/drivers/usb/device/libdrivers__usb__device.a(usb_dc_mcux.c.obj)
                0x000000006000648c                usb_dc_ep_mps
 .text.USB_DeviceNotificationTrigger
                0x00000000600064b8       0x14 zephyr/drivers/usb/device/libdrivers__usb__device.a(usb_dc_mcux.c.obj)
                0x00000000600064b8                USB_DeviceNotificationTrigger
 .text.mcux_ccm_get_subsys_rate
                0x00000000600064cc       0x98 zephyr/drivers/clock_control/libdrivers__clock_control.a(clock_control_mcux_ccm.c.obj)
 .text.uart_console_init
                0x0000000060006564       0x28 zephyr/drivers/console/libdrivers__console.a(uart_console.c.obj)
 .text.console_out
                0x000000006000658c       0x28 zephyr/drivers/console/libdrivers__console.a(uart_console.c.obj)
 .text.ssd1306_set_pixel_format.part.0
                0x00000000600065b4       0x1c zephyr/drivers/display/libdrivers__display.a(ssd1306.c.obj)
 .text.ssd1306_init
                0x00000000600065d0      0x1cc zephyr/drivers/display/libdrivers__display.a(ssd1306.c.obj)
 .text.ssd1306_write
                0x000000006000679c      0x138 zephyr/drivers/display/libdrivers__display.a(ssd1306.c.obj)
 .text.z_impl_hwinfo_get_device_id
                0x00000000600068d4       0x70 zephyr/drivers/hwinfo/libdrivers__hwinfo.a(hwinfo_imxrt.c.obj)
                0x00000000600068d4                z_impl_hwinfo_get_device_id
 .text.gpio_keys_change_deferred
                0x0000000060006944       0x7c zephyr/drivers/input/libdrivers__input.a(input_gpio_keys.c.obj)
 .text.gpio_keys_init
                0x00000000600069c0      0x188 zephyr/drivers/input/libdrivers__input.a(input_gpio_keys.c.obj)
 .text.gpio_qdec_irq_setup.isra.0
                0x0000000060006b48       0x60 zephyr/drivers/input/libdrivers__input.a(input_gpio_qdec.c.obj)
 .text.gpio_qdec_sample_timer_timeout
                0x0000000060006ba8       0xfc zephyr/drivers/input/libdrivers__input.a(input_gpio_qdec.c.obj)
 .text.gpio_qdec_init
                0x0000000060006ca4      0x184 zephyr/drivers/input/libdrivers__input.a(input_gpio_qdec.c.obj)
 .text.imx_pinctrl_init
                0x0000000060006e28       0x50 zephyr/drivers/pinctrl/libdrivers__pinctrl.a(pinctrl_imx.c.obj)
 .text.spi_mcux_init
                0x0000000060006e78       0xf4 zephyr/drivers/spi/libdrivers__spi.a(spi_mcux_lpspi.c.obj)
 .text.spi_mcux_transfer_next_packet
                0x0000000060006f6c       0xe8 zephyr/drivers/spi/libdrivers__spi.a(spi_mcux_lpspi.c.obj)
 .text.spi_mcux_master_transfer_callback
                0x0000000060007054       0xb8 zephyr/drivers/spi/libdrivers__spi.a(spi_mcux_lpspi.c.obj)
 .text.spi_mcux_transceive
                0x000000006000710c      0x248 zephyr/drivers/spi/libdrivers__spi.a(spi_mcux_lpspi.c.obj)
 .text.elapsed  0x0000000060007354       0x4c zephyr/drivers/timer/libdrivers__timer.a(cortex_m_systick.c.obj)
 .text.sys_clock_driver_init
                0x00000000600073a0       0x38 zephyr/drivers/timer/libdrivers__timer.a(cortex_m_systick.c.obj)
 .text.sys_clock_isr
                0x00000000600073d8       0x54 zephyr/drivers/timer/libdrivers__timer.a(cortex_m_systick.c.obj)
                0x00000000600073d8                sys_clock_isr
 .text.sys_clock_set_timeout
                0x000000006000742c       0xfc zephyr/drivers/timer/libdrivers__timer.a(cortex_m_systick.c.obj)
                0x000000006000742c                sys_clock_set_timeout
 .text.sys_clock_elapsed
                0x0000000060007528       0x3c zephyr/drivers/timer/libdrivers__timer.a(cortex_m_systick.c.obj)
                0x0000000060007528                sys_clock_elapsed
 .text.sys_clock_cycle_get_32
                0x0000000060007564       0x28 zephyr/drivers/timer/libdrivers__timer.a(cortex_m_systick.c.obj)
                0x0000000060007564                sys_clock_cycle_get_32
 .text.CLOCK_GetOscFreq
                0x000000006000758c       0x20 modules/hal_nxp/hal_nxp/lib..__modules__hal__nxp.a(fsl_clock.c.obj)
 .text.CLOCK_EnableUsbhs0Clock
                0x00000000600075ac       0x50 modules/hal_nxp/hal_nxp/lib..__modules__hal__nxp.a(fsl_clock.c.obj)
                0x00000000600075ac                CLOCK_EnableUsbhs0Clock
 .text.CLOCK_InitArmPll
                0x00000000600075fc       0x44 modules/hal_nxp/hal_nxp/lib..__modules__hal__nxp.a(fsl_clock.c.obj)
                0x00000000600075fc                CLOCK_InitArmPll
 .text.CLOCK_InitUsb1Pll
                0x0000000060007640       0x44 modules/hal_nxp/hal_nxp/lib..__modules__hal__nxp.a(fsl_clock.c.obj)
                0x0000000060007640                CLOCK_InitUsb1Pll
 .text.CLOCK_EnableUsbhs0PhyPllClock
                0x0000000060007684       0x48 modules/hal_nxp/hal_nxp/lib..__modules__hal__nxp.a(fsl_clock.c.obj)
                0x0000000060007684                CLOCK_EnableUsbhs0PhyPllClock
 .text.CLOCK_GetPllFreq
                0x00000000600076cc      0x1a8 modules/hal_nxp/hal_nxp/lib..__modules__hal__nxp.a(fsl_clock.c.obj)
                0x00000000600076cc                CLOCK_GetPllFreq
 .text.CLOCK_GetPllUsb1SWFreq
                0x0000000060007874       0x20 modules/hal_nxp/hal_nxp/lib..__modules__hal__nxp.a(fsl_clock.c.obj)
 .text.CLOCK_GetSysPfdFreq
                0x0000000060007894       0x5c modules/hal_nxp/hal_nxp/lib..__modules__hal__nxp.a(fsl_clock.c.obj)
                0x0000000060007894                CLOCK_GetSysPfdFreq
 .text.CLOCK_GetPeriphClkFreq
                0x00000000600078f0       0x90 modules/hal_nxp/hal_nxp/lib..__modules__hal__nxp.a(fsl_clock.c.obj)
 .text.CLOCK_GetAhbFreq
                0x0000000060007980       0x1c modules/hal_nxp/hal_nxp/lib..__modules__hal__nxp.a(fsl_clock.c.obj)
                0x0000000060007980                CLOCK_GetAhbFreq
 .text.CLOCK_GetIpgFreq
                0x000000006000799c       0x1c modules/hal_nxp/hal_nxp/lib..__modules__hal__nxp.a(fsl_clock.c.obj)
                0x000000006000799c                CLOCK_GetIpgFreq
 .text.CLOCK_GetPerClkFreq
                0x00000000600079b8       0x28 modules/hal_nxp/hal_nxp/lib..__modules__hal__nxp.a(fsl_clock.c.obj)
                0x00000000600079b8                CLOCK_GetPerClkFreq
 .text.CLOCK_GetUsb1PfdFreq
                0x00000000600079e0       0x5c modules/hal_nxp/hal_nxp/lib..__modules__hal__nxp.a(fsl_clock.c.obj)
                0x00000000600079e0                CLOCK_GetUsb1PfdFreq
 .text.CLOCK_GetSemcFreq
                0x0000000060007a3c       0x38 modules/hal_nxp/hal_nxp/lib..__modules__hal__nxp.a(fsl_clock.c.obj)
                0x0000000060007a3c                CLOCK_GetSemcFreq
 .text.CLOCK_GetFreq
                0x0000000060007a74       0xf4 modules/hal_nxp/hal_nxp/lib..__modules__hal__nxp.a(fsl_clock.c.obj)
                0x0000000060007a74                CLOCK_GetFreq
 .text.CLOCK_GetClockRootFreq
                0x0000000060007b68       0x8c modules/hal_nxp/hal_nxp/lib..__modules__hal__nxp.a(fsl_clock.c.obj)
                0x0000000060007b68                CLOCK_GetClockRootFreq
 .text.SystemInit
                0x0000000060007bf4       0xcc modules/hal_nxp/hal_nxp/lib..__modules__hal__nxp.a(system_MIMXRT1062.c.obj)
                0x0000000060007bf4                SystemInit
 .text.CLOCK_ControlGate
                0x0000000060007cc0       0x2c modules/hal_nxp/hal_nxp/lib..__modules__hal__nxp.a(fsl_lpspi.c.obj)
 .text.EnableIRQ.isra.0
                0x0000000060007cec       0x1c modules/hal_nxp/hal_nxp/lib..__modules__hal__nxp.a(fsl_lpspi.c.obj)
 .text.LPSPI_GetInstance
                0x0000000060007d08       0x38 modules/hal_nxp/hal_nxp/lib..__modules__hal__nxp.a(fsl_lpspi.c.obj)
                0x0000000060007d08                LPSPI_GetInstance
 .text.LPSPI_SetDummyData
                0x0000000060007d40       0x10 modules/hal_nxp/hal_nxp/lib..__modules__hal__nxp.a(fsl_lpspi.c.obj)
                0x0000000060007d40                LPSPI_SetDummyData
 .text.LPSPI_MasterGetDefaultConfig
                0x0000000060007d50       0x28 modules/hal_nxp/hal_nxp/lib..__modules__hal__nxp.a(fsl_lpspi.c.obj)
                0x0000000060007d50                LPSPI_MasterGetDefaultConfig
 .text.LPSPI_MasterSetBaudRate
                0x0000000060007d78       0xa0 modules/hal_nxp/hal_nxp/lib..__modules__hal__nxp.a(fsl_lpspi.c.obj)
                0x0000000060007d78                LPSPI_MasterSetBaudRate
 .text.LPSPI_MasterInit
                0x0000000060007e18      0x118 modules/hal_nxp/hal_nxp/lib..__modules__hal__nxp.a(fsl_lpspi.c.obj)
                0x0000000060007e18                LPSPI_MasterInit
 .text.LPSPI_MasterTransferCreateHandle
                0x0000000060007f30       0x38 modules/hal_nxp/hal_nxp/lib..__modules__hal__nxp.a(fsl_lpspi.c.obj)
                0x0000000060007f30                LPSPI_MasterTransferCreateHandle
 .text.LPSPI_MasterTransferNonBlocking
                0x0000000060007f68      0x22c modules/hal_nxp/hal_nxp/lib..__modules__hal__nxp.a(fsl_lpspi.c.obj)
                0x0000000060007f68                LPSPI_MasterTransferNonBlocking
 .text.CLOCK_ControlGate
                0x0000000060008194       0x2c modules/hal_nxp/hal_nxp/lib..__modules__hal__nxp.a(fsl_lpuart.c.obj)
 .text.LPUART_GetInstance
                0x00000000600081c0       0x1c modules/hal_nxp/hal_nxp/lib..__modules__hal__nxp.a(fsl_lpuart.c.obj)
                0x00000000600081c0                LPUART_GetInstance
 .text.LPUART_Init
                0x00000000600081dc      0x1a0 modules/hal_nxp/hal_nxp/lib..__modules__hal__nxp.a(fsl_lpuart.c.obj)
                0x00000000600081dc                LPUART_Init
 .text.LPUART_Deinit
                0x000000006000837c       0x38 modules/hal_nxp/hal_nxp/lib..__modules__hal__nxp.a(fsl_lpuart.c.obj)
                0x000000006000837c                LPUART_Deinit
 .text.LPUART_GetEnabledInterrupts
                0x00000000600083b4       0x2c modules/hal_nxp/hal_nxp/lib..__modules__hal__nxp.a(fsl_lpuart.c.obj)
                0x00000000600083b4                LPUART_GetEnabledInterrupts
 .text.LPUART_GetStatusFlags
                0x00000000600083e0       0x18 modules/hal_nxp/hal_nxp/lib..__modules__hal__nxp.a(fsl_lpuart.c.obj)
                0x00000000600083e0                LPUART_GetStatusFlags
 .text.LPUART_ClearStatusFlags
                0x00000000600083f8       0x3c modules/hal_nxp/hal_nxp/lib..__modules__hal__nxp.a(fsl_lpuart.c.obj)
                0x00000000600083f8                LPUART_ClearStatusFlags
 .text.USB_EhciPhyGetBase
                0x0000000060008434       0x40 modules/hal_nxp/hal_nxp/lib..__modules__hal__nxp.a(usb_phy.c.obj)
                0x0000000060008434                USB_EhciPhyGetBase
 .text.USB_DeviceEhciTransfer
                0x0000000060008474      0x218 modules/hal_nxp/hal_nxp/lib..__modules__hal__nxp.a(usb_device_ehci.c.obj)
 .text.USB_DeviceEhciCancelControlPipe
                0x000000006000868c       0xd4 modules/hal_nxp/hal_nxp/lib..__modules__hal__nxp.a(usb_device_ehci.c.obj)
 .text.USB_DeviceEhciInit
                0x0000000060008760       0xac modules/hal_nxp/hal_nxp/lib..__modules__hal__nxp.a(usb_device_ehci.c.obj)
                0x0000000060008760                USB_DeviceEhciInit
 .text.USB_DeviceEhciDeinit
                0x000000006000880c       0x44 modules/hal_nxp/hal_nxp/lib..__modules__hal__nxp.a(usb_device_ehci.c.obj)
                0x000000006000880c                USB_DeviceEhciDeinit
 .text.USB_DeviceEhciCancel
                0x0000000060008850      0x14c modules/hal_nxp/hal_nxp/lib..__modules__hal__nxp.a(usb_device_ehci.c.obj)
                0x0000000060008850                USB_DeviceEhciCancel
 .text.lv_disp_get_scr_act
                0x000000006000899c       0x34 modules/lvgl/libmodules__lvgl.a(lv_disp.c.obj)
                0x000000006000899c                lv_disp_get_scr_act
 .text.lv_disp_get_scr_prev
                0x00000000600089d0       0x34 modules/lvgl/libmodules__lvgl.a(lv_disp.c.obj)
                0x00000000600089d0                lv_disp_get_scr_prev
 .text.lv_disp_get_layer_top
                0x0000000060008a04       0x34 modules/lvgl/libmodules__lvgl.a(lv_disp.c.obj)
                0x0000000060008a04                lv_disp_get_layer_top
 .text.lv_disp_get_layer_sys
                0x0000000060008a38       0x34 modules/lvgl/libmodules__lvgl.a(lv_disp.c.obj)
                0x0000000060008a38                lv_disp_get_layer_sys
 .text.lv_disp_is_invalidation_enabled
                0x0000000060008a6c       0x40 modules/lvgl/libmodules__lvgl.a(lv_disp.c.obj)
                0x0000000060008a6c                lv_disp_is_invalidation_enabled
 .text.event_send_core
                0x0000000060008aac      0x128 modules/lvgl/libmodules__lvgl.a(lv_event.c.obj)
 .text.lv_event_send
                0x0000000060008bd4       0x40 modules/lvgl/libmodules__lvgl.a(lv_event.c.obj)
                0x0000000060008bd4                lv_event_send
 .text._lv_event_mark_deleted
                0x0000000060008c14       0x24 modules/lvgl/libmodules__lvgl.a(lv_event.c.obj)
                0x0000000060008c14                _lv_event_mark_deleted
 .text.lv_event_get_indev
                0x0000000060008c38       0x34 modules/lvgl/libmodules__lvgl.a(lv_event.c.obj)
                0x0000000060008c38                lv_event_get_indev
 .text.lv_event_get_draw_ctx
                0x0000000060008c6c       0x34 modules/lvgl/libmodules__lvgl.a(lv_event.c.obj)
                0x0000000060008c6c                lv_event_get_draw_ctx
 .text.lv_event_set_ext_draw_size
                0x0000000060008ca0       0x40 modules/lvgl/libmodules__lvgl.a(lv_event.c.obj)
                0x0000000060008ca0                lv_event_set_ext_draw_size
 .text._lv_group_init
                0x0000000060008ce0        0xc modules/lvgl/libmodules__lvgl.a(lv_group.c.obj)
                0x0000000060008ce0                _lv_group_init
 .text.lv_group_create
                0x0000000060008cec       0x60 modules/lvgl/libmodules__lvgl.a(lv_group.c.obj)
                0x0000000060008cec                lv_group_create
 .text.lv_group_get_default
                0x0000000060008d4c        0xc modules/lvgl/libmodules__lvgl.a(lv_group.c.obj)
                0x0000000060008d4c                lv_group_get_default
 .text.lv_group_focus_next
                0x0000000060008d58       0x28 modules/lvgl/libmodules__lvgl.a(lv_group.c.obj)
                0x0000000060008d58                lv_group_focus_next
 .text.lv_group_focus_prev
                0x0000000060008d80       0x28 modules/lvgl/libmodules__lvgl.a(lv_group.c.obj)
                0x0000000060008d80                lv_group_focus_prev
 .text.lv_group_add_obj
                0x0000000060008da8       0xa4 modules/lvgl/libmodules__lvgl.a(lv_group.c.obj)
                0x0000000060008da8                lv_group_add_obj
 .text.indev_reset_check
                0x0000000060008e4c       0x18 modules/lvgl/libmodules__lvgl.a(lv_indev.c.obj)
 .text.indev_proc_reset_query_handler
                0x0000000060008e64       0x34 modules/lvgl/libmodules__lvgl.a(lv_indev.c.obj)
 .text.indev_proc_release
                0x0000000060008e98      0x12c modules/lvgl/libmodules__lvgl.a(lv_indev.c.obj)
 .text.lv_indev_get_act
                0x0000000060008fc4        0xc modules/lvgl/libmodules__lvgl.a(lv_indev.c.obj)
                0x0000000060008fc4                lv_indev_get_act
 .text.lv_indev_get_obj_act
                0x0000000060008fd0        0xc modules/lvgl/libmodules__lvgl.a(lv_indev.c.obj)
                0x0000000060008fd0                lv_indev_get_obj_act
 .text.indev_proc_press
                0x0000000060008fdc      0x36c modules/lvgl/libmodules__lvgl.a(lv_indev.c.obj)
 .text.lv_indev_read_timer_cb
                0x0000000060009348      0x7e4 modules/lvgl/libmodules__lvgl.a(lv_indev.c.obj)
                0x0000000060009348                lv_indev_read_timer_cb
 .text.find_snap_point_x
                0x0000000060009b2c      0x118 modules/lvgl/libmodules__lvgl.a(lv_indev_scroll.c.obj)
 .text.find_snap_point_y
                0x0000000060009c44      0x118 modules/lvgl/libmodules__lvgl.a(lv_indev_scroll.c.obj)
 .text._lv_indev_scroll_handler
                0x0000000060009d5c      0x614 modules/lvgl/libmodules__lvgl.a(lv_indev_scroll.c.obj)
                0x0000000060009d5c                _lv_indev_scroll_handler
 .text._lv_indev_scroll_throw_handler
                0x000000006000a370      0x290 modules/lvgl/libmodules__lvgl.a(lv_indev_scroll.c.obj)
                0x000000006000a370                _lv_indev_scroll_throw_handler
 .text.lv_obj_draw
                0x000000006000a600      0x454 modules/lvgl/libmodules__lvgl.a(lv_obj.c.obj)
 .text.lv_init  0x000000006000aa54       0x74 modules/lvgl/libmodules__lvgl.a(lv_obj.c.obj)
                0x000000006000aa54                lv_init
 .text.lv_obj_create
                0x000000006000aac8       0x18 modules/lvgl/libmodules__lvgl.a(lv_obj.c.obj)
                0x000000006000aac8                lv_obj_create
 .text.lv_obj_destructor
                0x000000006000aae0       0x68 modules/lvgl/libmodules__lvgl.a(lv_obj.c.obj)
 .text.lv_obj_allocate_spec_attr
                0x000000006000ab48       0x70 modules/lvgl/libmodules__lvgl.a(lv_obj.c.obj)
                0x000000006000ab48                lv_obj_allocate_spec_attr
 .text.lv_obj_class_create_obj
                0x000000006000abb8      0x104 modules/lvgl/libmodules__lvgl.a(lv_obj_class.c.obj)
                0x000000006000abb8                lv_obj_class_create_obj
 .text.lv_obj_is_layout_positioned
                0x000000006000acbc       0x34 modules/lvgl/libmodules__lvgl.a(lv_obj_pos.c.obj)
                0x000000006000acbc                lv_obj_is_layout_positioned
 .text.lv_layout_register
                0x000000006000acf0       0x70 modules/lvgl/libmodules__lvgl.a(lv_obj_pos.c.obj)
                0x000000006000acf0                lv_layout_register
 .text.lv_obj_get_self_width
                0x000000006000ad60       0x1c modules/lvgl/libmodules__lvgl.a(lv_obj_pos.c.obj)
                0x000000006000ad60                lv_obj_get_self_width
 .text.lv_obj_refr_pos
                0x000000006000ad7c      0x260 modules/lvgl/libmodules__lvgl.a(lv_obj_pos.c.obj)
                0x000000006000ad7c                lv_obj_refr_pos
 .text.lv_obj_refr_size
                0x000000006000afdc      0x55c modules/lvgl/libmodules__lvgl.a(lv_obj_pos.c.obj)
                0x000000006000afdc                lv_obj_refr_size
 .text.layout_update_core
                0x000000006000b538       0x94 modules/lvgl/libmodules__lvgl.a(lv_obj_pos.c.obj)
 .text.lv_obj_update_layout
                0x000000006000b5cc       0x34 modules/lvgl/libmodules__lvgl.a(lv_obj_pos.c.obj)
                0x000000006000b5cc                lv_obj_update_layout
 .text.lv_obj_get_scroll_bottom
                0x000000006000b600       0xa4 modules/lvgl/libmodules__lvgl.a(lv_obj_scroll.c.obj)
                0x000000006000b600                lv_obj_get_scroll_bottom
 .text.lv_obj_get_scroll_left
                0x000000006000b6a4       0xd0 modules/lvgl/libmodules__lvgl.a(lv_obj_scroll.c.obj)
                0x000000006000b6a4                lv_obj_get_scroll_left
 .text.lv_obj_get_scroll_right
                0x000000006000b774       0xb8 modules/lvgl/libmodules__lvgl.a(lv_obj_scroll.c.obj)
                0x000000006000b774                lv_obj_get_scroll_right
 .text.lv_obj_scroll_by
                0x000000006000b82c      0x11c modules/lvgl/libmodules__lvgl.a(lv_obj_scroll.c.obj)
                0x000000006000b82c                lv_obj_scroll_by
 .text.lv_obj_scroll_to_x
                0x000000006000b948       0x2c modules/lvgl/libmodules__lvgl.a(lv_obj_scroll.c.obj)
                0x000000006000b948                lv_obj_scroll_to_x
 .text.lv_obj_scroll_to_y
                0x000000006000b974       0x2c modules/lvgl/libmodules__lvgl.a(lv_obj_scroll.c.obj)
                0x000000006000b974                lv_obj_scroll_to_y
 .text.scroll_area_into_view
                0x000000006000b9a0      0x2f0 modules/lvgl/libmodules__lvgl.a(lv_obj_scroll.c.obj)
 .text.trans_del.isra.0
                0x000000006000bc90       0xa4 modules/lvgl/libmodules__lvgl.a(lv_obj_style.c.obj)
 .text.get_local_style
                0x000000006000bd34       0xec modules/lvgl/libmodules__lvgl.a(lv_obj_style.c.obj)
 .text._lv_obj_style_init
                0x000000006000be20        0xc modules/lvgl/libmodules__lvgl.a(lv_obj_style.c.obj)
                0x000000006000be20                _lv_obj_style_init
 .text.lv_obj_enable_style_refresh
                0x000000006000be2c        0xc modules/lvgl/libmodules__lvgl.a(lv_obj_style.c.obj)
                0x000000006000be2c                lv_obj_enable_style_refresh
 .text.lv_obj_refresh_style
                0x000000006000be38      0x1e4 modules/lvgl/libmodules__lvgl.a(lv_obj_style.c.obj)
                0x000000006000be38                lv_obj_refresh_style
 .text.trans_anim_cb
                0x000000006000c01c      0x130 modules/lvgl/libmodules__lvgl.a(lv_obj_style.c.obj)
 .text.trans_anim_ready_cb
                0x000000006000c14c       0xa8 modules/lvgl/libmodules__lvgl.a(lv_obj_style.c.obj)
 .text._lv_obj_style_create_transition
                0x000000006000c1f4      0x170 modules/lvgl/libmodules__lvgl.a(lv_obj_style.c.obj)
                0x000000006000c1f4                _lv_obj_style_create_transition
 .text.lv_obj_get_disp
                0x000000006000c364       0x60 modules/lvgl/libmodules__lvgl.a(lv_obj_tree.c.obj)
                0x000000006000c364                lv_obj_get_disp
 .text.refr_obj
                0x000000006000c3c4      0x338 modules/lvgl/libmodules__lvgl.a(lv_refr.c.obj)
 .text.refr_obj_and_children
                0x000000006000c6fc       0x8c modules/lvgl/libmodules__lvgl.a(lv_refr.c.obj)
 .text.refr_area_part
                0x000000006000c788      0x5c4 modules/lvgl/libmodules__lvgl.a(lv_refr.c.obj)
 .text._lv_inv_area
                0x000000006000cd4c      0x100 modules/lvgl/libmodules__lvgl.a(lv_refr.c.obj)
                0x000000006000cd4c                _lv_inv_area
 .text._lv_refr_get_disp_refreshing
                0x000000006000ce4c        0xc modules/lvgl/libmodules__lvgl.a(lv_refr.c.obj)
                0x000000006000ce4c                _lv_refr_get_disp_refreshing
 .text._lv_disp_refr_timer
                0x000000006000ce58      0x578 modules/lvgl/libmodules__lvgl.a(lv_refr.c.obj)
                0x000000006000ce58                _lv_disp_refr_timer
 .text.lv_theme_apply
                0x000000006000d3d0       0x28 modules/lvgl/libmodules__lvgl.a(lv_theme.c.obj)
                0x000000006000d3d0                lv_theme_apply
 .text.lv_draw_arc_get_area
                0x000000006000d3f8      0x458 modules/lvgl/libmodules__lvgl.a(lv_draw_arc.c.obj)
                0x000000006000d3f8                lv_draw_arc_get_area
 .text.lv_img_cf_get_px_size
                0x000000006000d850       0x14 modules/lvgl/libmodules__lvgl.a(lv_draw_img.c.obj)
                0x000000006000d850                lv_img_cf_get_px_size
 .text.lv_draw_img
                0x000000006000d864      0x284 modules/lvgl/libmodules__lvgl.a(lv_draw_img.c.obj)
                0x000000006000d864                lv_draw_img
 .text.lv_draw_label_dsc_init
                0x000000006000dae8       0x30 modules/lvgl/libmodules__lvgl.a(lv_draw_label.c.obj)
                0x000000006000dae8                lv_draw_label_dsc_init
 .text.lv_draw_label
                0x000000006000db18      0x59c modules/lvgl/libmodules__lvgl.a(lv_draw_label.c.obj)
                0x000000006000db18                lv_draw_label
 .text.lv_draw_layer_create
                0x000000006000e0b4       0x94 modules/lvgl/libmodules__lvgl.a(lv_draw_layer.c.obj)
                0x000000006000e0b4                lv_draw_layer_create
 .text.lv_draw_mask_add
                0x000000006000e148       0x48 modules/lvgl/libmodules__lvgl.a(lv_draw_mask.c.obj)
                0x000000006000e148                lv_draw_mask_add
 .text.lv_draw_mask_apply
                0x000000006000e190       0x40 modules/lvgl/libmodules__lvgl.a(lv_draw_mask.c.obj)
                0x000000006000e190                lv_draw_mask_apply
 .text.lv_draw_mask_remove_id
                0x000000006000e1d0       0x24 modules/lvgl/libmodules__lvgl.a(lv_draw_mask.c.obj)
                0x000000006000e1d0                lv_draw_mask_remove_id
 .text.lv_draw_mask_remove_custom
                0x000000006000e1f4       0x28 modules/lvgl/libmodules__lvgl.a(lv_draw_mask.c.obj)
                0x000000006000e1f4                lv_draw_mask_remove_custom
 .text._lv_draw_mask_cleanup
                0x000000006000e21c       0x24 modules/lvgl/libmodules__lvgl.a(lv_draw_mask.c.obj)
                0x000000006000e21c                _lv_draw_mask_cleanup
 .text.lv_draw_mask_is_any
                0x000000006000e240       0x54 modules/lvgl/libmodules__lvgl.a(lv_draw_mask.c.obj)
                0x000000006000e240                lv_draw_mask_is_any
 .text.lv_draw_mask_line_points_init
                0x000000006000e294      0x120 modules/lvgl/libmodules__lvgl.a(lv_draw_mask.c.obj)
                0x000000006000e294                lv_draw_mask_line_points_init
 .text.lv_draw_mask_angle_init
                0x000000006000e3b4       0xa0 modules/lvgl/libmodules__lvgl.a(lv_draw_mask.c.obj)
                0x000000006000e3b4                lv_draw_mask_angle_init
 .text.lv_draw_mask_radius_init
                0x000000006000e454      0x460 modules/lvgl/libmodules__lvgl.a(lv_draw_mask.c.obj)
                0x000000006000e454                lv_draw_mask_radius_init
 .text.lv_draw_rect_dsc_init
                0x000000006000e8b4       0x38 modules/lvgl/libmodules__lvgl.a(lv_draw_rect.c.obj)
                0x000000006000e8b4                lv_draw_rect_dsc_init
 .text.lv_draw_transform
                0x000000006000e8ec       0x70 modules/lvgl/libmodules__lvgl.a(lv_draw_transform.c.obj)
                0x000000006000e8ec                lv_draw_transform
 .text._lv_img_cache_open
                0x000000006000e95c       0x78 modules/lvgl/libmodules__lvgl.a(lv_img_cache.c.obj)
                0x000000006000e95c                _lv_img_cache_open
 .text.lv_img_decoder_built_in_info
                0x000000006000e9d4       0xe0 modules/lvgl/libmodules__lvgl.a(lv_img_decoder.c.obj)
                0x000000006000e9d4                lv_img_decoder_built_in_info
 .text.lv_img_decoder_built_in_read_line
                0x000000006000eab4      0x358 modules/lvgl/libmodules__lvgl.a(lv_img_decoder.c.obj)
                0x000000006000eab4                lv_img_decoder_built_in_read_line
 .text.lv_img_decoder_built_in_open
                0x000000006000ee0c      0x294 modules/lvgl/libmodules__lvgl.a(lv_img_decoder.c.obj)
                0x000000006000ee0c                lv_img_decoder_built_in_open
 .text.lv_img_decoder_get_info
                0x000000006000f0a0       0x58 modules/lvgl/libmodules__lvgl.a(lv_img_decoder.c.obj)
                0x000000006000f0a0                lv_img_decoder_get_info
 .text.lv_img_decoder_open
                0x000000006000f0f8       0xf4 modules/lvgl/libmodules__lvgl.a(lv_img_decoder.c.obj)
                0x000000006000f0f8                lv_img_decoder_open
 .text.lv_img_decoder_create
                0x000000006000f1ec       0x4c modules/lvgl/libmodules__lvgl.a(lv_img_decoder.c.obj)
                0x000000006000f1ec                lv_img_decoder_create
 .text._lv_img_decoder_init
                0x000000006000f238       0x68 modules/lvgl/libmodules__lvgl.a(lv_img_decoder.c.obj)
                0x000000006000f238                _lv_img_decoder_init
 .text.lv_draw_sw_blend_basic
                0x000000006000f2a0      0x8c8 modules/lvgl/libmodules__lvgl.a(lv_draw_sw_blend.c.obj)
                0x000000006000f2a0                lv_draw_sw_blend_basic
 .text.lv_draw_sw_init_ctx
                0x000000006000fb68       0x8c modules/lvgl/libmodules__lvgl.a(lv_draw_sw.c.obj)
                0x000000006000fb68                lv_draw_sw_init_ctx
 .text.iterate_cache
                0x000000006000fbf4       0x64 modules/lvgl/libmodules__lvgl.a(lv_draw_sw_gradient.c.obj)
 .text.kill_oldest_item
                0x000000006000fc58       0x7c modules/lvgl/libmodules__lvgl.a(lv_draw_sw_gradient.c.obj)
 .text.lv_gradient_set_cache_size
                0x000000006000fcd4       0x68 modules/lvgl/libmodules__lvgl.a(lv_draw_sw_gradient.c.obj)
                0x000000006000fcd4                lv_gradient_set_cache_size
 .text.lv_gradient_calculate
                0x000000006000fd3c       0xe4 modules/lvgl/libmodules__lvgl.a(lv_draw_sw_gradient.c.obj)
                0x000000006000fd3c                lv_gradient_calculate
 .text.lv_gradient_get
                0x000000006000fe20      0x19c modules/lvgl/libmodules__lvgl.a(lv_draw_sw_gradient.c.obj)
                0x000000006000fe20                lv_gradient_get
 .text.lv_draw_sw_layer_create
                0x000000006000ffbc      0x128 modules/lvgl/libmodules__lvgl.a(lv_draw_sw_layer.c.obj)
                0x000000006000ffbc                lv_draw_sw_layer_create
 .text.lv_draw_sw_letter
                0x00000000600100e4      0x464 modules/lvgl/libmodules__lvgl.a(lv_draw_sw_letter.c.obj)
                0x00000000600100e4                lv_draw_sw_letter
 .text.lv_draw_sw_line
                0x0000000060010548      0x758 modules/lvgl/libmodules__lvgl.a(lv_draw_sw_line.c.obj)
                0x0000000060010548                lv_draw_sw_line
 .text.lv_draw_sw_polygon
                0x0000000060010ca0      0x280 modules/lvgl/libmodules__lvgl.a(lv_draw_sw_polygon.c.obj)
                0x0000000060010ca0                lv_draw_sw_polygon
 .text.draw_bg_img
                0x0000000060010f20      0x22c modules/lvgl/libmodules__lvgl.a(lv_draw_sw_rect.c.obj)
 .text.find_track_end
                0x000000006001114c      0x294 modules/lvgl/libmodules__lvgl.a(lv_flex.c.obj)
 .text.flex_update
                0x00000000600113e0      0x734 modules/lvgl/libmodules__lvgl.a(lv_flex.c.obj)
 .text.lv_flex_init
                0x0000000060011b14       0x60 modules/lvgl/libmodules__lvgl.a(lv_flex.c.obj)
                0x0000000060011b14                lv_flex_init
 .text.grid_align
                0x0000000060011b74      0x134 modules/lvgl/libmodules__lvgl.a(lv_grid.c.obj)
 .text.grid_update
                0x0000000060011ca8      0x814 modules/lvgl/libmodules__lvgl.a(lv_grid.c.obj)
 .text.lv_grid_init
                0x00000000600124bc       0xa4 modules/lvgl/libmodules__lvgl.a(lv_grid.c.obj)
                0x00000000600124bc                lv_grid_init
 .text.lv_font_get_glyph_bitmap
                0x0000000060012560       0x3c modules/lvgl/libmodules__lvgl.a(lv_font.c.obj)
                0x0000000060012560                lv_font_get_glyph_bitmap
 .text.lv_font_get_glyph_dsc
                0x000000006001259c       0xe8 modules/lvgl/libmodules__lvgl.a(lv_font.c.obj)
                0x000000006001259c                lv_font_get_glyph_dsc
 .text.lv_font_get_glyph_width
                0x0000000060012684       0x48 modules/lvgl/libmodules__lvgl.a(lv_font.c.obj)
                0x0000000060012684                lv_font_get_glyph_width
 .text.get_glyph_dsc_id
                0x00000000600126cc       0xd4 modules/lvgl/libmodules__lvgl.a(lv_font_fmt_txt.c.obj)
 .text.lv_font_get_bitmap_fmt_txt
                0x00000000600127a0       0x48 modules/lvgl/libmodules__lvgl.a(lv_font_fmt_txt.c.obj)
                0x00000000600127a0                lv_font_get_bitmap_fmt_txt
 .text.lv_font_get_glyph_dsc_fmt_txt
                0x00000000600127e8      0x14c modules/lvgl/libmodules__lvgl.a(lv_font_fmt_txt.c.obj)
                0x00000000600127e8                lv_font_get_glyph_dsc_fmt_txt
 .text.lv_disp_drv_init
                0x0000000060012934       0x3c modules/lvgl/libmodules__lvgl.a(lv_hal_disp.c.obj)
                0x0000000060012934                lv_disp_drv_init
 .text.lv_disp_drv_register
                0x0000000060012970      0x178 modules/lvgl/libmodules__lvgl.a(lv_hal_disp.c.obj)
                0x0000000060012970                lv_disp_drv_register
 .text.lv_disp_get_default
                0x0000000060012ae8        0xc modules/lvgl/libmodules__lvgl.a(lv_hal_disp.c.obj)
                0x0000000060012ae8                lv_disp_get_default
 .text.lv_disp_get_hor_res
                0x0000000060012af4       0x20 modules/lvgl/libmodules__lvgl.a(lv_hal_disp.c.obj)
                0x0000000060012af4                lv_disp_get_hor_res
 .text.lv_disp_get_ver_res
                0x0000000060012b14       0x20 modules/lvgl/libmodules__lvgl.a(lv_hal_disp.c.obj)
                0x0000000060012b14                lv_disp_get_ver_res
 .text.lv_disp_get_dpi
                0x0000000060012b34       0x1c modules/lvgl/libmodules__lvgl.a(lv_hal_disp.c.obj)
                0x0000000060012b34                lv_disp_get_dpi
 .text.lv_indev_drv_init
                0x0000000060012b50       0x20 modules/lvgl/libmodules__lvgl.a(lv_hal_indev.c.obj)
                0x0000000060012b50                lv_indev_drv_init
 .text.lv_indev_drv_register
                0x0000000060012b70       0x8c modules/lvgl/libmodules__lvgl.a(lv_hal_indev.c.obj)
                0x0000000060012b70                lv_indev_drv_register
 .text.lv_indev_get_next
                0x0000000060012bfc       0x14 modules/lvgl/libmodules__lvgl.a(lv_hal_indev.c.obj)
                0x0000000060012bfc                lv_indev_get_next
 .text._lv_indev_read
                0x0000000060012c10       0x68 modules/lvgl/libmodules__lvgl.a(lv_hal_indev.c.obj)
                0x0000000060012c10                _lv_indev_read
 .text.anim_mark_list_change
                0x0000000060012c78       0x34 modules/lvgl/libmodules__lvgl.a(lv_anim.c.obj)
 .text.anim_timer
                0x0000000060012cac      0x17c modules/lvgl/libmodules__lvgl.a(lv_anim.c.obj)
 .text._lv_anim_core_init
                0x0000000060012e28       0x34 modules/lvgl/libmodules__lvgl.a(lv_anim.c.obj)
                0x0000000060012e28                _lv_anim_core_init
 .text.lv_anim_init
                0x0000000060012e5c       0x2c modules/lvgl/libmodules__lvgl.a(lv_anim.c.obj)
                0x0000000060012e5c                lv_anim_init
 .text.lv_anim_del
                0x0000000060012e88       0x60 modules/lvgl/libmodules__lvgl.a(lv_anim.c.obj)
                0x0000000060012e88                lv_anim_del
 .text.lv_anim_start
                0x0000000060012ee8       0xb4 modules/lvgl/libmodules__lvgl.a(lv_anim.c.obj)
                0x0000000060012ee8                lv_anim_start
 .text.lv_anim_get
                0x0000000060012f9c       0x30 modules/lvgl/libmodules__lvgl.a(lv_anim.c.obj)
                0x0000000060012f9c                lv_anim_get
 .text.lv_point_transform
                0x0000000060012fcc      0x130 modules/lvgl/libmodules__lvgl.a(lv_area.c.obj)
                0x0000000060012fcc                lv_point_transform
 .text.lv_palette_main
                0x00000000600130fc       0x3c modules/lvgl/libmodules__lvgl.a(lv_color.c.obj)
                0x00000000600130fc                lv_palette_main
 .text._lv_fs_init
                0x0000000060013138        0xc modules/lvgl/libmodules__lvgl.a(lv_fs.c.obj)
                0x0000000060013138                _lv_fs_init
 .text.lv_fs_read
                0x0000000060013144      0x1b0 modules/lvgl/libmodules__lvgl.a(lv_fs.c.obj)
                0x0000000060013144                lv_fs_read
 .text.lv_fs_get_drv
                0x00000000600132f4       0x2c modules/lvgl/libmodules__lvgl.a(lv_fs.c.obj)
                0x00000000600132f4                lv_fs_get_drv
 .text.lv_fs_open
                0x0000000060013320      0x104 modules/lvgl/libmodules__lvgl.a(lv_fs.c.obj)
                0x0000000060013320                lv_fs_open
 .text.lv_fs_get_ext
                0x0000000060013424       0x2c modules/lvgl/libmodules__lvgl.a(lv_fs.c.obj)
                0x0000000060013424                lv_fs_get_ext
 .text.lv_log_register_print_cb
                0x0000000060013450        0xc modules/lvgl/libmodules__lvgl.a(lv_log.c.obj)
                0x0000000060013450                lv_log_register_print_cb
 .text._lv_log_add
                0x000000006001345c       0xb8 modules/lvgl/libmodules__lvgl.a(lv_log.c.obj)
                0x000000006001345c                _lv_log_add
 .text.lv_trigo_sin
                0x0000000060013514       0x58 modules/lvgl/libmodules__lvgl.a(lv_math.c.obj)
                0x0000000060013514                lv_trigo_sin
 .text.lv_mem_alloc
                0x000000006001356c       0x10 modules/lvgl/libmodules__lvgl.a(lv_mem.c.obj)
                0x000000006001356c                lv_mem_alloc
 .text.lv_mem_free
                0x000000006001357c       0x14 modules/lvgl/libmodules__lvgl.a(lv_mem.c.obj)
                0x000000006001357c                lv_mem_free
 .text.lv_mem_realloc
                0x0000000060013590       0x4c modules/lvgl/libmodules__lvgl.a(lv_mem.c.obj)
                0x0000000060013590                lv_mem_realloc
 .text.lv_mem_buf_get
                0x00000000600135dc      0x100 modules/lvgl/libmodules__lvgl.a(lv_mem.c.obj)
                0x00000000600135dc                lv_mem_buf_get
 .text.lv_mem_buf_release
                0x00000000600136dc       0x48 modules/lvgl/libmodules__lvgl.a(lv_mem.c.obj)
                0x00000000600136dc                lv_mem_buf_release
 .text.lv_mem_buf_free_all
                0x0000000060013724       0x30 modules/lvgl/libmodules__lvgl.a(lv_mem.c.obj)
                0x0000000060013724                lv_mem_buf_free_all
 .text.lv_style_reset
                0x0000000060013754       0x44 modules/lvgl/libmodules__lvgl.a(lv_style.c.obj)
                0x0000000060013754                lv_style_reset
 .text.lv_style_register_prop
                0x0000000060013798       0xe0 modules/lvgl/libmodules__lvgl.a(lv_style.c.obj)
                0x0000000060013798                lv_style_register_prop
 .text.lv_style_remove_prop
                0x0000000060013878       0xdc modules/lvgl/libmodules__lvgl.a(lv_style.c.obj)
                0x0000000060013878                lv_style_remove_prop
 .text.lv_style_prop_get_default
                0x0000000060013954       0x9c modules/lvgl/libmodules__lvgl.a(lv_style.c.obj)
                0x0000000060013954                lv_style_prop_get_default
 .text.lv_style_set_prop_internal
                0x00000000600139f0      0x118 modules/lvgl/libmodules__lvgl.a(lv_style.c.obj)
 .text.lv_style_set_prop
                0x0000000060013b08        0xc modules/lvgl/libmodules__lvgl.a(lv_style.c.obj)
                0x0000000060013b08                lv_style_set_prop
 .text._lv_style_prop_lookup_flags
                0x0000000060013b14       0x40 modules/lvgl/libmodules__lvgl.a(lv_style.c.obj)
                0x0000000060013b14                _lv_style_prop_lookup_flags
 .text._lv_timer_core_init
                0x0000000060013b54       0x1c modules/lvgl/libmodules__lvgl.a(lv_timer.c.obj)
                0x0000000060013b54                _lv_timer_core_init
 .text.lv_timer_create
                0x0000000060013b70       0x70 modules/lvgl/libmodules__lvgl.a(lv_timer.c.obj)
                0x0000000060013b70                lv_timer_create
 .text.lv_timer_del
                0x0000000060013be0       0x24 modules/lvgl/libmodules__lvgl.a(lv_timer.c.obj)
                0x0000000060013be0                lv_timer_del
 .text.lv_timer_handler
                0x0000000060013c04      0x1c4 modules/lvgl/libmodules__lvgl.a(lv_timer.c.obj)
                0x0000000060013c04                lv_timer_handler
 .text.lv_txt_utf8_prev
                0x0000000060013dc8       0x48 modules/lvgl/libmodules__lvgl.a(lv_txt.c.obj)
 .text.lv_txt_utf8_get_byte_id
                0x0000000060013e10       0x38 modules/lvgl/libmodules__lvgl.a(lv_txt.c.obj)
 .text.lv_txt_utf8_get_char_id
                0x0000000060013e48       0x28 modules/lvgl/libmodules__lvgl.a(lv_txt.c.obj)
 .text.lv_txt_utf8_get_length
                0x0000000060013e70       0x28 modules/lvgl/libmodules__lvgl.a(lv_txt.c.obj)
 .text._lv_txt_get_next_line
                0x0000000060013e98      0x228 modules/lvgl/libmodules__lvgl.a(lv_txt.c.obj)
                0x0000000060013e98                _lv_txt_get_next_line
 .text._lv_txt_encoded_letter_next_2
                0x00000000600140c0       0x34 modules/lvgl/libmodules__lvgl.a(lv_txt.c.obj)
                0x00000000600140c0                _lv_txt_encoded_letter_next_2
 .text.lv_txt_get_size
                0x00000000600140f4       0xdc modules/lvgl/libmodules__lvgl.a(lv_txt.c.obj)
                0x00000000600140f4                lv_txt_get_size
 .text.lv_arc_constructor
                0x00000000600141d0       0x6c modules/lvgl/libmodules__lvgl.a(lv_arc.c.obj)
 .text.lv_arc_create
                0x000000006001423c       0x18 modules/lvgl/libmodules__lvgl.a(lv_arc.c.obj)
                0x000000006001423c                lv_arc_create
 .text.value_update
                0x0000000060014254       0xf0 modules/lvgl/libmodules__lvgl.a(lv_arc.c.obj)
 .text.lv_arc_event
                0x0000000060014344      0x708 modules/lvgl/libmodules__lvgl.a(lv_arc.c.obj)
 .text.lv_label_revert_dots
                0x0000000060014a4c       0x58 modules/lvgl/libmodules__lvgl.a(lv_label.c.obj)
 .text.lv_label_create
                0x0000000060014aa4       0x18 modules/lvgl/libmodules__lvgl.a(lv_label.c.obj)
                0x0000000060014aa4                lv_label_create
 .text.lv_label_get_letter_on
                0x0000000060014abc      0x21c modules/lvgl/libmodules__lvgl.a(lv_label.c.obj)
                0x0000000060014abc                lv_label_get_letter_on
 .text.lv_label_refr_text
                0x0000000060014cd8      0x4dc modules/lvgl/libmodules__lvgl.a(lv_label.c.obj)
 .text.lv_label_set_text
                0x00000000600151b4       0xc0 modules/lvgl/libmodules__lvgl.a(lv_label.c.obj)
                0x00000000600151b4                lv_label_set_text
 .text.lv_label_set_long_mode
                0x0000000060015274       0x60 modules/lvgl/libmodules__lvgl.a(lv_label.c.obj)
                0x0000000060015274                lv_label_set_long_mode
 .text.lv_label_constructor
                0x00000000600152d4       0x4c modules/lvgl/libmodules__lvgl.a(lv_label.c.obj)
 .text.lv_label_event
                0x0000000060015320      0x338 modules/lvgl/libmodules__lvgl.a(lv_label.c.obj)
 .text.lvgl_log
                0x0000000060015658       0x6c modules/lvgl/libmodules__lvgl.a(lvgl.c.obj)
 .text.lvgl_init
                0x00000000600156c4      0x118 modules/lvgl/libmodules__lvgl.a(lvgl.c.obj)
 .text.set_lvgl_rendering_cb
                0x00000000600157dc       0x84 modules/lvgl/libmodules__lvgl.a(lvgl_display.c.obj)
                0x00000000600157dc                set_lvgl_rendering_cb
 .text.lvgl_malloc
                0x0000000060015860       0x28 modules/lvgl/libmodules__lvgl.a(lvgl_mem.c.obj)
                0x0000000060015860                lvgl_malloc
 .text.lvgl_realloc
                0x0000000060015888       0x2c modules/lvgl/libmodules__lvgl.a(lvgl_mem.c.obj)
                0x0000000060015888                lvgl_realloc
 .text.lvgl_free
                0x00000000600158b4       0x28 modules/lvgl/libmodules__lvgl.a(lvgl_mem.c.obj)
                0x00000000600158b4                lvgl_free
 .text.lvgl_heap_init
                0x00000000600158dc       0x14 modules/lvgl/libmodules__lvgl.a(lvgl_mem.c.obj)
                0x00000000600158dc                lvgl_heap_init
 .text.lvgl_input_register_driver
                0x00000000600158f0       0x34 modules/lvgl/libmodules__lvgl.a(lvgl_common_input.c.obj)
                0x00000000600158f0                lvgl_input_register_driver
 .text.lvgl_init_input_devices
                0x0000000060015924       0x20 modules/lvgl/libmodules__lvgl.a(lvgl_common_input.c.obj)
                0x0000000060015924                lvgl_init_input_devices
 .text.lvgl_input_cb__0
                0x0000000060015944       0x48 modules/lvgl/libmodules__lvgl.a(lvgl_button_input.c.obj)
 .text.lvgl_input_cb__0
                0x000000006001598c       0x5c modules/lvgl/libmodules__lvgl.a(lvgl_encoder_input.c.obj)
 .text.k_sys_fatal_error_handler
                0x00000000600159e8       0x20 zephyr/kernel/libkernel.a(fatal.c.obj)
                0x00000000600159e8                k_sys_fatal_error_handler
 .text.z_fatal_error
                0x0000000060015a08       0xe8 zephyr/kernel/libkernel.a(fatal.c.obj)
                0x0000000060015a08                z_fatal_error
 .text.z_sys_init_run_level
                0x0000000060015af0       0x2c zephyr/kernel/libkernel.a(init.c.obj)
 .text.bg_thread_main
                0x0000000060015b1c       0xc4 zephyr/kernel/libkernel.a(init.c.obj)
 .text.z_bss_zero
                0x0000000060015be0       0x2c zephyr/kernel/libkernel.a(init.c.obj)
                0x0000000060015be0                z_bss_zero
 .text.z_init_cpu
                0x0000000060015c0c       0x70 zephyr/kernel/libkernel.a(init.c.obj)
                0x0000000060015c0c                z_init_cpu
 .text.z_cstart
                0x0000000060015c7c       0xd4 zephyr/kernel/libkernel.a(init.c.obj)
                0x0000000060015c7c                z_cstart
 .text.statics_init
                0x0000000060015d50       0x24 zephyr/kernel/libkernel.a(kheap.c.obj)
 .text.z_impl_k_msgq_put
                0x0000000060015d74       0xa0 zephyr/kernel/libkernel.a(msg_q.c.obj)
                0x0000000060015d74                z_impl_k_msgq_put
 .text.z_impl_k_msgq_get
                0x0000000060015e14       0xb0 zephyr/kernel/libkernel.a(msg_q.c.obj)
                0x0000000060015e14                z_impl_k_msgq_get
 .text.z_impl_k_mutex_lock
                0x0000000060015ec4       0xf0 zephyr/kernel/libkernel.a(mutex.c.obj)
                0x0000000060015ec4                z_impl_k_mutex_lock
 .text.z_impl_k_mutex_unlock
                0x0000000060015fb4       0x78 zephyr/kernel/libkernel.a(mutex.c.obj)
                0x0000000060015fb4                z_impl_k_mutex_unlock
 .text.z_impl_k_sem_give
                0x000000006001602c       0x48 zephyr/kernel/libkernel.a(sem.c.obj)
                0x000000006001602c                z_impl_k_sem_give
 .text.z_impl_k_sem_take
                0x0000000060016074       0x4c zephyr/kernel/libkernel.a(sem.c.obj)
                0x0000000060016074                z_impl_k_sem_take
 .text.work_queue_main
                0x00000000600160c0      0x144 zephyr/kernel/libkernel.a(work.c.obj)
 .text.submit_to_queue_locked
                0x0000000060016204       0xb0 zephyr/kernel/libkernel.a(work.c.obj)
 .text.k_work_submit
                0x00000000600162b4        0xc zephyr/kernel/libkernel.a(work.c.obj)
                0x00000000600162b4                k_work_submit
 .text.k_work_queue_start
                0x00000000600162c0       0x7c zephyr/kernel/libkernel.a(work.c.obj)
                0x00000000600162c0                k_work_queue_start
 .text.k_work_schedule_for_queue
                0x000000006001633c       0x54 zephyr/kernel/libkernel.a(work.c.obj)
                0x000000006001633c                k_work_schedule_for_queue
 .text.k_work_reschedule_for_queue
                0x0000000060016390       0x5c zephyr/kernel/libkernel.a(work.c.obj)
                0x0000000060016390                k_work_reschedule_for_queue
 .text.k_work_reschedule
                0x00000000600163ec        0xc zephyr/kernel/libkernel.a(work.c.obj)
                0x00000000600163ec                k_work_reschedule
 .text.z_setup_new_thread
                0x00000000600163f8       0x9c zephyr/kernel/libkernel.a(thread.c.obj)
                0x00000000600163f8                z_setup_new_thread
 .text.z_impl_k_thread_create
                0x0000000060016494       0x58 zephyr/kernel/libkernel.a(thread.c.obj)
                0x0000000060016494                z_impl_k_thread_create
 .text.update_cache
                0x00000000600164ec       0x3c zephyr/kernel/libkernel.a(sched.c.obj)
 .text.unready_thread
                0x0000000060016528       0x30 zephyr/kernel/libkernel.a(sched.c.obj)
 .text.ready_thread
                0x0000000060016558       0x68 zephyr/kernel/libkernel.a(sched.c.obj)
 .text.z_thread_halt
                0x00000000600165c0       0xdc zephyr/kernel/libkernel.a(sched.c.obj)
 .text.move_thread_to_end_of_prio_q
                0x000000006001669c       0x74 zephyr/kernel/libkernel.a(sched.c.obj)
                0x000000006001669c                move_thread_to_end_of_prio_q
 .text.z_pend_curr
                0x0000000060016710       0x58 zephyr/kernel/libkernel.a(sched.c.obj)
                0x0000000060016710                z_pend_curr
 .text.z_thread_prio_set
                0x0000000060016768       0x88 zephyr/kernel/libkernel.a(sched.c.obj)
                0x0000000060016768                z_thread_prio_set
 .text.z_reschedule
                0x00000000600167f0       0x24 zephyr/kernel/libkernel.a(sched.c.obj)
                0x00000000600167f0                z_reschedule
 .text.z_sched_start
                0x0000000060016814       0x3c zephyr/kernel/libkernel.a(sched.c.obj)
                0x0000000060016814                z_sched_start
 .text.z_reschedule_irqlock
                0x0000000060016850       0x28 zephyr/kernel/libkernel.a(sched.c.obj)
                0x0000000060016850                z_reschedule_irqlock
 .text.k_sched_lock
                0x0000000060016878       0x28 zephyr/kernel/libkernel.a(sched.c.obj)
                0x0000000060016878                k_sched_lock
 .text.k_sched_unlock
                0x00000000600168a0       0x40 zephyr/kernel/libkernel.a(sched.c.obj)
                0x00000000600168a0                k_sched_unlock
 .text.z_sched_init
                0x00000000600168e0       0x10 zephyr/kernel/libkernel.a(sched.c.obj)
                0x00000000600168e0                z_sched_init
 .text.z_impl_k_yield
                0x00000000600168f0       0x7c zephyr/kernel/libkernel.a(sched.c.obj)
                0x00000000600168f0                z_impl_k_yield
 .text.z_tick_sleep
                0x000000006001696c       0x88 zephyr/kernel/libkernel.a(sched.c.obj)
 .text.z_impl_k_sleep
                0x00000000600169f4       0x38 zephyr/kernel/libkernel.a(sched.c.obj)
                0x00000000600169f4                z_impl_k_sleep
 .text.z_impl_k_sched_current_thread_query
                0x0000000060016a2c        0xc zephyr/kernel/libkernel.a(sched.c.obj)
                0x0000000060016a2c                z_impl_k_sched_current_thread_query
 .text.z_sched_wait
                0x0000000060016a38       0x24 zephyr/kernel/libkernel.a(sched.c.obj)
                0x0000000060016a38                z_sched_wait
 .text.slice_timeout
                0x0000000060016a5c       0x20 zephyr/kernel/libkernel.a(timeslicing.c.obj)
 .text.thread_is_sliceable
                0x0000000060016a7c       0x3c zephyr/kernel/libkernel.a(timeslicing.c.obj)
                0x0000000060016a7c                thread_is_sliceable
 .text.z_reset_time_slice
                0x0000000060016ab8       0x50 zephyr/kernel/libkernel.a(timeslicing.c.obj)
                0x0000000060016ab8                z_reset_time_slice
 .text.z_time_slice
                0x0000000060016b08       0x60 zephyr/kernel/libkernel.a(timeslicing.c.obj)
                0x0000000060016b08                z_time_slice
 .text.z_data_copy
                0x0000000060016b68       0x64 zephyr/kernel/libkernel.a(xip.c.obj)
                0x0000000060016b68                z_data_copy
 .text.elapsed  0x0000000060016bcc       0x14 zephyr/kernel/libkernel.a(timeout.c.obj)
 .text.remove_timeout
                0x0000000060016be0       0x38 zephyr/kernel/libkernel.a(timeout.c.obj)
 .text.next_timeout
                0x0000000060016c18       0x40 zephyr/kernel/libkernel.a(timeout.c.obj)
 .text.z_add_timeout
                0x0000000060016c58       0xf4 zephyr/kernel/libkernel.a(timeout.c.obj)
                0x0000000060016c58                z_add_timeout
 .text.sys_clock_announce
                0x0000000060016d4c       0xd4 zephyr/kernel/libkernel.a(timeout.c.obj)
                0x0000000060016d4c                sys_clock_announce
 .text.sys_clock_tick_get
                0x0000000060016e20       0x30 zephyr/kernel/libkernel.a(timeout.c.obj)
                0x0000000060016e20                sys_clock_tick_get
 .text.z_timer_expiration_handler
                0x0000000060016e50       0xe0 zephyr/kernel/libkernel.a(timer.c.obj)
                0x0000000060016e50                z_timer_expiration_handler
 .text.z_impl_k_timer_start
                0x0000000060016f30       0x74 zephyr/kernel/libkernel.a(timer.c.obj)
                0x0000000060016f30                z_impl_k_timer_start
 .text.boot_banner
                0x0000000060016fa4        0xc zephyr/kernel/libkernel.a(banner.c.obj)
                0x0000000060016fa4                boot_banner
 .text.k_sys_work_q_init
                0x0000000060016fb0       0x34 zephyr/kernel/libkernel.a(system_work_q.c.obj)
 .text.snprintf
                0x0000000060016fe4       0x58 /home/willow/zephyr-sdk-0.16.8/arm-zephyr-eabi/bin/../lib/gcc/../../picolibc/arm-zephyr-eabi/lib/thumb/v7e-m/nofp/libc.a(libc_tinystdio_snprintf.c.o)
                0x0000000060016fe4                snprintf
 .text.sprintf  0x000000006001703c       0x50 /home/willow/zephyr-sdk-0.16.8/arm-zephyr-eabi/bin/../lib/gcc/../../picolibc/arm-zephyr-eabi/lib/thumb/v7e-m/nofp/libc.a(libc_tinystdio_sprintf.c.o)
                0x000000006001703c                sprintf
 .text.__l_vfprintf
                0x000000006001708c      0x4b8 /home/willow/zephyr-sdk-0.16.8/arm-zephyr-eabi/bin/../lib/gcc/../../picolibc/arm-zephyr-eabi/lib/thumb/v7e-m/nofp/libc.a(libc_tinystdio_vflprintf.c.o)
                0x000000006001708c                __l_vfprintf
 .text.vsnprintf
                0x0000000060017544       0x50 /home/willow/zephyr-sdk-0.16.8/arm-zephyr-eabi/bin/../lib/gcc/../../picolibc/arm-zephyr-eabi/lib/thumb/v7e-m/nofp/libc.a(libc_tinystdio_vsnprintf.c.o)
                0x0000000060017544                vsnprintf
 .text._OffsetAbsSyms
                0x0000000060017594        0x2 zephyr/CMakeFiles/offsets.dir/./arch/arm/core/offsets/offsets.c.obj
                0x0000000060017594                _OffsetAbsSyms
 .text.lv_scr_act
                0x0000000060017596        0xe app/libapp.a(main.c.obj)
 .text.chunk_size
                0x00000000600175a4        0xa zephyr/libzephyr.a(heap.c.obj)
 .text.free_list_add
                0x00000000600175ae       0x4e zephyr/libzephyr.a(heap.c.obj)
 .text.free_list_remove_bidx
                0x00000000600175fc       0x3a zephyr/libzephyr.a(heap.c.obj)
 .text.free_list_remove
                0x0000000060017636       0x1a zephyr/libzephyr.a(heap.c.obj)
 .text.alloc_chunk
                0x0000000060017650       0x6e zephyr/libzephyr.a(heap.c.obj)
 .text.merge_chunks
                0x00000000600176be       0x2c zephyr/libzephyr.a(heap.c.obj)
 .text.split_chunks
                0x00000000600176ea       0x34 zephyr/libzephyr.a(heap.c.obj)
 .text.free_chunk
                0x000000006001771e       0x62 zephyr/libzephyr.a(heap.c.obj)
 .text.sys_heap_free
                0x0000000060017780       0x1e zephyr/libzephyr.a(heap.c.obj)
                0x0000000060017780                sys_heap_free
 .text.sys_heap_alloc
                0x000000006001779e       0x52 zephyr/libzephyr.a(heap.c.obj)
                0x000000006001779e                sys_heap_alloc
 .text.sys_heap_aligned_alloc
                0x00000000600177f0       0xd2 zephyr/libzephyr.a(heap.c.obj)
                0x00000000600177f0                sys_heap_aligned_alloc
 .text.sys_heap_aligned_realloc
                0x00000000600178c2      0x128 zephyr/libzephyr.a(heap.c.obj)
                0x00000000600178c2                sys_heap_aligned_realloc
 .text.sys_heap_init
                0x00000000600179ea       0x7a zephyr/libzephyr.a(heap.c.obj)
                0x00000000600179ea                sys_heap_init
 .text.cbpprintf_external
                0x0000000060017a64       0x62 zephyr/libzephyr.a(cbprintf_packaged.c.obj)
                0x0000000060017a64                cbpprintf_external
 .text.is_ptr   0x0000000060017ac6       0x4a zephyr/libzephyr.a(cbprintf_packaged.c.obj)
                0x0000000060017ac6                is_ptr
 .text.arch_printk_char_out
                0x0000000060017b10        0x4 zephyr/libzephyr.a(printk.c.obj)
                0x0000000060017b10                arch_printk_char_out
 .text.printk   0x0000000060017b14       0x1a zephyr/libzephyr.a(printk.c.obj)
                0x0000000060017b14                printk
 .text.free_space
                0x0000000060017b2e       0x26 zephyr/libzephyr.a(mpsc_pbuf.c.obj)
 .text.get_usage
                0x0000000060017b54       0x22 zephyr/libzephyr.a(mpsc_pbuf.c.obj)
 .text.idx_inc  0x0000000060017b76       0x1c zephyr/libzephyr.a(mpsc_pbuf.c.obj)
 .text.rd_idx_inc
                0x0000000060017b92       0x18 zephyr/libzephyr.a(mpsc_pbuf.c.obj)
 .text.add_skip_item
                0x0000000060017baa       0x3a zephyr/libzephyr.a(mpsc_pbuf.c.obj)
 .text.drop_item_locked
                0x0000000060017be4       0xee zephyr/libzephyr.a(mpsc_pbuf.c.obj)
 .text.post_drop_action
                0x0000000060017cd2       0x36 zephyr/libzephyr.a(mpsc_pbuf.c.obj)
 .text.max_utilization_update
                0x0000000060017d08       0x1a zephyr/libzephyr.a(mpsc_pbuf.c.obj)
 .text.mpsc_pbuf_init
                0x0000000060017d22       0x42 zephyr/libzephyr.a(mpsc_pbuf.c.obj)
                0x0000000060017d22                mpsc_pbuf_init
 .text.mpsc_pbuf_alloc
                0x0000000060017d64       0xf8 zephyr/libzephyr.a(mpsc_pbuf.c.obj)
                0x0000000060017d64                mpsc_pbuf_alloc
 .text.mpsc_pbuf_commit
                0x0000000060017e5c       0x3e zephyr/libzephyr.a(mpsc_pbuf.c.obj)
                0x0000000060017e5c                mpsc_pbuf_commit
 .text.mpsc_pbuf_claim
                0x0000000060017e9a       0xa8 zephyr/libzephyr.a(mpsc_pbuf.c.obj)
                0x0000000060017e9a                mpsc_pbuf_claim
 .text.mpsc_pbuf_free
                0x0000000060017f42       0x76 zephyr/libzephyr.a(mpsc_pbuf.c.obj)
                0x0000000060017f42                mpsc_pbuf_free
 .text.mpsc_pbuf_is_pending
                0x0000000060017fb8       0x1a zephyr/libzephyr.a(mpsc_pbuf.c.obj)
                0x0000000060017fb8                mpsc_pbuf_is_pending
 .text.ring_buf_put_claim
                0x0000000060017fd2       0x40 zephyr/libzephyr.a(ring_buffer.c.obj)
                0x0000000060017fd2                ring_buf_put_claim
 .text.ring_buf_put_finish
                0x0000000060018012       0x2a zephyr/libzephyr.a(ring_buffer.c.obj)
                0x0000000060018012                ring_buf_put_finish
 .text.ring_buf_put
                0x000000006001803c       0x3e zephyr/libzephyr.a(ring_buffer.c.obj)
                0x000000006001803c                ring_buf_put
 .text.ring_buf_get_claim
                0x000000006001807a       0x3e zephyr/libzephyr.a(ring_buffer.c.obj)
                0x000000006001807a                ring_buf_get_claim
 .text.ring_buf_get_finish
                0x00000000600180b8       0x2a zephyr/libzephyr.a(ring_buffer.c.obj)
                0x00000000600180b8                ring_buf_get_finish
 .text.ring_buf_get
                0x00000000600180e2       0x40 zephyr/libzephyr.a(ring_buffer.c.obj)
                0x00000000600180e2                ring_buf_get
 .text._ConfigAbsSyms
                0x0000000060018122        0x2 zephyr/libzephyr.a(configs.c.obj)
                0x0000000060018122                _ConfigAbsSyms
 .text.log_msg_generic_get_wlen
                0x0000000060018124       0x20 zephyr/libzephyr.a(log_core.c.obj)
 .text.dummy_timestamp
                0x0000000060018144        0x4 zephyr/libzephyr.a(log_core.c.obj)
 .text.atomic_inc
                0x0000000060018148       0x1a zephyr/libzephyr.a(log_core.c.obj)
 .text.default_lf_get_timestamp
                0x0000000060018162       0x10 zephyr/libzephyr.a(log_core.c.obj)
 .text.z_log_vprintk
                0x0000000060018172       0x1c zephyr/libzephyr.a(log_core.c.obj)
                0x0000000060018172                z_log_vprintk
 .text.z_log_notify_drop
                0x000000006001818e        0x6 zephyr/libzephyr.a(log_core.c.obj)
 .text.z_log_get_tag
                0x0000000060018194        0x4 zephyr/libzephyr.a(log_core.c.obj)
                0x0000000060018194                z_log_get_tag
 .text.z_cbprintf_cpy
                0x0000000060018198       0x2c zephyr/libzephyr.a(log_msg.c.obj)
 .text.z_log_msg_finalize
                0x00000000600181c4       0x32 zephyr/libzephyr.a(log_msg.c.obj)
                0x00000000600181c4                z_log_msg_finalize
 .text.z_log_msg_simple_create
                0x00000000600181f6       0x6e zephyr/libzephyr.a(log_msg.c.obj)
 .text.z_impl_z_log_msg_simple_create_0
                0x0000000060018264       0x12 zephyr/libzephyr.a(log_msg.c.obj)
                0x0000000060018264                z_impl_z_log_msg_simple_create_0
 .text.z_impl_z_log_msg_simple_create_1
                0x0000000060018276       0x14 zephyr/libzephyr.a(log_msg.c.obj)
                0x0000000060018276                z_impl_z_log_msg_simple_create_1
 .text.z_impl_z_log_msg_simple_create_2
                0x000000006001828a       0x18 zephyr/libzephyr.a(log_msg.c.obj)
                0x000000006001828a                z_impl_z_log_msg_simple_create_2
 .text.buffer_write
                0x00000000600182a2       0x1c zephyr/libzephyr.a(log_output.c.obj)
 .text.log_output_flush
                0x00000000600182be       0x1a zephyr/libzephyr.a(log_output.c.obj)
                0x00000000600182be                log_output_flush
 .text.out_func
                0x00000000600182d8       0x36 zephyr/libzephyr.a(log_output.c.obj)
 .text.cr_out_func
                0x000000006001830e       0x1c zephyr/libzephyr.a(log_output.c.obj)
 .text.log_output_msg_process
                0x000000006001832a       0x6c zephyr/libzephyr.a(log_output.c.obj)
                0x000000006001832a                log_output_msg_process
 .text.format_set
                0x0000000060018396        0xc zephyr/libzephyr.a(log_backend_uart.c.obj)
 .text.log_backend_uart_init
                0x00000000600183a2        0xc zephyr/libzephyr.a(log_backend_uart.c.obj)
 .text.panic    0x00000000600183ae       0x10 zephyr/libzephyr.a(log_backend_uart.c.obj)
 .text.dropped  0x00000000600183be        0xa zephyr/libzephyr.a(log_backend_uart.c.obj)
 .text.process  0x00000000600183c8       0x1e zephyr/libzephyr.a(log_backend_uart.c.obj)
 .text.z_log_msg_simple_create_1
                0x00000000600183e6        0x4 zephyr/libzephyr.a(usb_device.c.obj)
 .text.get_ep_bm_from_addr
                0x00000000600183ea       0x1e zephyr/libzephyr.a(usb_device.c.obj)
 .text.usb_device_init
                0x0000000060018408        0x6 zephyr/libzephyr.a(usb_device.c.obj)
 .text.usb_get_dev_data_by_cfg